Archive member included to satisfy reference by file (symbol)

C:/Users/paola/.pico-sdk/toolchain/13_3_Rel1/bin/../lib/gcc/arm-none-eabi/13.3.1/thumb/v6-m/nofp\libgcc.a(_dvmd_tls.o)
                              CMakeFiles/comunicacao_serial.dir/C_/Users/paola/.pico-sdk/sdk/2.1.0/src/rp2_common/pico_divider/divider_hardware.S.obj (__aeabi_idiv0)
C:/Users/paola/.pico-sdk/toolchain/13_3_Rel1/bin/../lib/gcc/arm-none-eabi/13.3.1/thumb/v6-m/nofp\libg.a(libc_a-calloc.o)
                              CMakeFiles/comunicacao_serial.dir/C_/Users/paola/.pico-sdk/sdk/2.1.0/src/rp2_common/pico_malloc/malloc.c.obj (calloc)
C:/Users/paola/.pico-sdk/toolchain/13_3_Rel1/bin/../lib/gcc/arm-none-eabi/13.3.1/thumb/v6-m/nofp\libg.a(libc_a-callocr.o)
                              C:/Users/paola/.pico-sdk/toolchain/13_3_Rel1/bin/../lib/gcc/arm-none-eabi/13.3.1/thumb/v6-m/nofp\libg.a(libc_a-calloc.o) (_calloc_r)
C:/Users/paola/.pico-sdk/toolchain/13_3_Rel1/bin/../lib/gcc/arm-none-eabi/13.3.1/thumb/v6-m/nofp\libg.a(libc_a-malloc.o)
                              CMakeFiles/comunicacao_serial.dir/C_/Users/paola/.pico-sdk/sdk/2.1.0/src/rp2_common/pico_malloc/malloc.c.obj (malloc)
C:/Users/paola/.pico-sdk/toolchain/13_3_Rel1/bin/../lib/gcc/arm-none-eabi/13.3.1/thumb/v6-m/nofp\libg.a(libc_a-mallocr.o)
                              C:/Users/paola/.pico-sdk/toolchain/13_3_Rel1/bin/../lib/gcc/arm-none-eabi/13.3.1/thumb/v6-m/nofp\libg.a(libc_a-callocr.o) (_malloc_r)
C:/Users/paola/.pico-sdk/toolchain/13_3_Rel1/bin/../lib/gcc/arm-none-eabi/13.3.1/thumb/v6-m/nofp\libg.a(libc_a-mlock.o)
                              C:/Users/paola/.pico-sdk/toolchain/13_3_Rel1/bin/../lib/gcc/arm-none-eabi/13.3.1/thumb/v6-m/nofp\libg.a(libc_a-mallocr.o) (__malloc_lock)
C:/Users/paola/.pico-sdk/toolchain/13_3_Rel1/bin/../lib/gcc/arm-none-eabi/13.3.1/thumb/v6-m/nofp\libg.a(libc_a-realloc.o)
                              CMakeFiles/comunicacao_serial.dir/C_/Users/paola/.pico-sdk/sdk/2.1.0/src/rp2_common/pico_malloc/malloc.c.obj (realloc)
C:/Users/paola/.pico-sdk/toolchain/13_3_Rel1/bin/../lib/gcc/arm-none-eabi/13.3.1/thumb/v6-m/nofp\libg.a(libc_a-reallocr.o)
                              C:/Users/paola/.pico-sdk/toolchain/13_3_Rel1/bin/../lib/gcc/arm-none-eabi/13.3.1/thumb/v6-m/nofp\libg.a(libc_a-realloc.o) (_realloc_r)
C:/Users/paola/.pico-sdk/toolchain/13_3_Rel1/bin/../lib/gcc/arm-none-eabi/13.3.1/thumb/v6-m/nofp\libg.a(libc_a-memcmp.o)
                              CMakeFiles/comunicacao_serial.dir/C_/Users/paola/.pico-sdk/sdk/2.1.0/src/rp2_common/pico_atomic/atomic.c.obj (memcmp)
C:/Users/paola/.pico-sdk/toolchain/13_3_Rel1/bin/../lib/gcc/arm-none-eabi/13.3.1/thumb/v6-m/nofp\libg.a(libc_a-memmove.o)
                              C:/Users/paola/.pico-sdk/toolchain/13_3_Rel1/bin/../lib/gcc/arm-none-eabi/13.3.1/thumb/v6-m/nofp\libg.a(libc_a-reallocr.o) (memmove)
C:/Users/paola/.pico-sdk/toolchain/13_3_Rel1/bin/../lib/gcc/arm-none-eabi/13.3.1/thumb/v6-m/nofp\libg.a(libc_a-lcltime_r.o)
                              CMakeFiles/comunicacao_serial.dir/C_/Users/paola/.pico-sdk/sdk/2.1.0/src/common/pico_util/datetime.c.obj (localtime_r)
C:/Users/paola/.pico-sdk/toolchain/13_3_Rel1/bin/../lib/gcc/arm-none-eabi/13.3.1/thumb/v6-m/nofp\libg.a(libc_a-mktime.o)
                              CMakeFiles/comunicacao_serial.dir/C_/Users/paola/.pico-sdk/sdk/2.1.0/src/common/pico_util/datetime.c.obj (mktime)
C:/Users/paola/.pico-sdk/toolchain/13_3_Rel1/bin/../lib/gcc/arm-none-eabi/13.3.1/thumb/v6-m/nofp\libg.a(libc_a-month_lengths.o)
                              C:/Users/paola/.pico-sdk/toolchain/13_3_Rel1/bin/../lib/gcc/arm-none-eabi/13.3.1/thumb/v6-m/nofp\libg.a(libc_a-lcltime_r.o) (__month_lengths)
C:/Users/paola/.pico-sdk/toolchain/13_3_Rel1/bin/../lib/gcc/arm-none-eabi/13.3.1/thumb/v6-m/nofp\libg.a(libc_a-tzcalc_limits.o)
                              C:/Users/paola/.pico-sdk/toolchain/13_3_Rel1/bin/../lib/gcc/arm-none-eabi/13.3.1/thumb/v6-m/nofp\libg.a(libc_a-lcltime_r.o) (__tzcalc_limits)
C:/Users/paola/.pico-sdk/toolchain/13_3_Rel1/bin/../lib/gcc/arm-none-eabi/13.3.1/thumb/v6-m/nofp\libg.a(libc_a-tzlock.o)
                              C:/Users/paola/.pico-sdk/toolchain/13_3_Rel1/bin/../lib/gcc/arm-none-eabi/13.3.1/thumb/v6-m/nofp\libg.a(libc_a-lcltime_r.o) (__tz_lock)
C:/Users/paola/.pico-sdk/toolchain/13_3_Rel1/bin/../lib/gcc/arm-none-eabi/13.3.1/thumb/v6-m/nofp\libg.a(libc_a-tzset.o)
                              C:/Users/paola/.pico-sdk/toolchain/13_3_Rel1/bin/../lib/gcc/arm-none-eabi/13.3.1/thumb/v6-m/nofp\libg.a(libc_a-lcltime_r.o) (_tzset_unlocked)
C:/Users/paola/.pico-sdk/toolchain/13_3_Rel1/bin/../lib/gcc/arm-none-eabi/13.3.1/thumb/v6-m/nofp\libg.a(libc_a-tzset_r.o)
                              C:/Users/paola/.pico-sdk/toolchain/13_3_Rel1/bin/../lib/gcc/arm-none-eabi/13.3.1/thumb/v6-m/nofp\libg.a(libc_a-tzset.o) (_tzset_unlocked_r)
C:/Users/paola/.pico-sdk/toolchain/13_3_Rel1/bin/../lib/gcc/arm-none-eabi/13.3.1/thumb/v6-m/nofp\libg.a(libc_a-tzvars.o)
[...]
Memory Configuration

Name             Origin             Length             Attributes
FLASH            0x10000000         0x00200000         xr
RAM              0x20000000         0x00040000         xrw
SCRATCH_X        0x20040000         0x00001000         xrw
SCRATCH_Y        0x20041000         0x00001000         xrw
*default*        0x00000000         0xffffffff

Linker script and memory map

LOAD C:/Users/paola/.pico-sdk/toolchain/13_3_Rel1/bin/../lib/gcc/arm-none-eabi/13.3.1/thumb/v6-m/nofp/crti.o
LOAD C:/Users/paola/.pico-sdk/toolchain/13_3_Rel1/bin/../lib/gcc/arm-none-eabi/13.3.1/thumb/v6-m/nofp/crtbegin.o
LOAD C:/Users/paola/.pico-sdk/toolchain/13_3_Rel1/bin/../lib/gcc/arm-none-eabi/13.3.1/thumb/v6-m/nofp/crt0.o

.flash_begin    0x10000000        0x0
                0x10000000                        __flash_binary_start = .

.boot2          0x10000000      0x100
                0x10000000                        __boot2_start__ = .
 *(.boot2)
 .boot2         0x10000000      0x100 pico-sdk/src/rp2040/boot_stage2/CMakeFiles/bs2_default_library.dir/./bs2_default_padded_checksummed.S.obj
                0x10000100                        __boot2_end__ = .
                0x00000001                        ASSERT (((__boot2_end__ - __boot2_start__) == 0x100), ERROR: Pico second stage bootloader must be 256 bytes in size)

.text           0x10000100     0x860c
                0x10000100                        __logical_binary_start = .
 *(.vectors)
 .vectors       0x10000100       0xd4 CMakeFiles/comunicacao_serial.dir/C_/Users/paola/.pico-sdk/sdk/2.1.0/src/rp2_common/pico_crt0/crt0.S.obj
                0x10000100                __VECTOR_TABLE
                0x10000100                __vectors
                0x100001c0                isr_invalid
                0x100001c0                __default_isrs_start
                0x100001c2                isr_nmi
                0x100001c4                isr_hardfault
                0x100001c6                isr_svcall
                0x100001c8                isr_pendsv
                0x100001ca                isr_systick
                0x100001cc                isr_irq23
                0x100001cc                isr_irq18
                0x100001cc                isr_irq11
                0x100001cc                isr_irq28
                0x100001cc                isr_irq19
                0x100001cc                isr_irq0
                0x100001cc                isr_irq6
                0x100001cc                isr_irq5
                0x100001cc                isr_irq12
                0x100001cc                isr_irq22
                0x100001cc                isr_irq31
                0x100001cc                isr_irq17
                0x100001cc                isr_irq27
                0x100001cc                isr_irq30
                0x100001cc                isr_irq2
                0x100001cc                isr_irq10
                0x100001cc                isr_irq8
                0x100001cc                isr_irq24
                0x100001cc                isr_irq1
                0x100001cc                isr_irq7
                0x100001cc                isr_irq21
                0x100001cc                isr_irq20
                0x100001cc                isr_irq15
                0x100001cc                isr_irq25
                0x100001cc                isr_irq13
                0x100001cc                __unhandled_user_irq
                0x100001cc                isr_irq4
                0x100001cc                isr_irq16
                0x100001cc                isr_irq29
                0x100001cc                isr_irq26
                0x100001cc                __default_isrs_end
                0x100001cc                isr_irq3
                0x100001cc                isr_irq14
                0x100001cc                isr_irq9
                0x100001d2                unhandled_user_irq_num_in_r0
 *(.binary_info_header)
 .binary_info_header
                0x100001d4       0x14 CMakeFiles/comunicacao_serial.dir/C_/Users/paola/.pico-sdk/sdk/2.1.0/src/rp2_common/pico_crt0/crt0.S.obj
                0x100001e8                        __binary_info_header_end = .
 *(.embedded_block)
                0x100001e8                        __embedded_block_end = .
 *(.reset)
 .reset         0x100001e8       0x9c CMakeFiles/comunicacao_serial.dir/C_/Users/paola/.pico-sdk/sdk/2.1.0/src/rp2_common/pico_crt0/crt0.S.obj
                0x100001e8                _entry_point
 *(.init)
 .init          0x10000284        0x4 C:/Users/paola/.pico-sdk/toolchain/13_3_Rel1/bin/../lib/gcc/arm-none-eabi/13.3.1/thumb/v6-m/nofp/crti.o
                0x10000284                _init
 *(EXCLUDE_FILE(*libm.a: *libc.a:*lib_a-mem*.o *libgcc.a:) .text*)
 .text.register_tm_clones
                0x10000288       0x28 C:/Users/paola/.pico-sdk/toolchain/13_3_Rel1/bin/../lib/gcc/arm-none-eabi/13.3.1/thumb/v6-m/nofp/crtbegin.o
 .text.frame_dummy
                0x100002b0       0x24 C:/Users/paola/.pico-sdk/toolchain/13_3_Rel1/bin/../lib/gcc/arm-none-eabi/13.3.1/thumb/v6-m/nofp/crtbegin.o
 .text.gpio_callback
                0x100002d4      0x14c CMakeFiles/comunicacao_serial.dir/comunicacao_serial.c.obj
                0x100002d4                gpio_callback
 .text.startup.main
                0x10000420      0x2c0 CMakeFiles/comunicacao_serial.dir/comunicacao_serial.c.obj
                0x10000420                main
 .text.ssd1306_init
                0x100006e0       0x34 CMakeFiles/comunicacao_serial.dir/inc/ssd1306.c.obj
                0x100006e0                ssd1306_init
 .text.ssd1306_config
                0x10000714      0x1d0 CMakeFiles/comunicacao_serial.dir/inc/ssd1306.c.obj
                0x10000714                ssd1306_config
 .text.ssd1306_send_data
                0x100008e4       0x8c CMakeFiles/comunicacao_serial.dir/inc/ssd1306.c.obj
                0x100008e4                ssd1306_send_data
 .text.ssd1306_fill
                0x10000970       0x80 CMakeFiles/comunicacao_serial.dir/inc/ssd1306.c.obj
                0x10000970                ssd1306_fill
 .text.ssd1306_draw_char
                0x100009f0      0x660 CMakeFiles/comunicacao_serial.dir/inc/ssd1306.c.obj
                0x100009f0                ssd1306_draw_char
 .text.ssd1306_draw_string
                0x10001050       0x40 CMakeFiles/comunicacao_serial.dir/inc/ssd1306.c.obj
                0x10001050                ssd1306_draw_string
 .text.gpio_default_irq_handler
                0x10001090      0x274 CMakeFiles/comunicacao_serial.dir/C_/Users/paola/.pico-sdk/sdk/2.1.0/src/rp2_common/hardware_gpio/gpio.c.obj
 .text.gpio_set_function
                0x10001304       0x34 CMakeFiles/comunicacao_serial.dir/C_/Users/paola/.pico-sdk/sdk/2.1.0/src/rp2_common/hardware_gpio/gpio.c.obj
                0x10001304                gpio_set_function
 .text.gpio_set_pulls
                0x10001338       0x28 CMakeFiles/comunicacao_serial.dir/C_/Users/paola/.pico-sdk/sdk/2.1.0/src/rp2_common/hardware_gpio/gpio.c.obj
                0x10001338                gpio_set_pulls
 .text.gpio_set_irq_enabled
                0x10001360       0x58 CMakeFiles/comunicacao_serial.dir/C_/Users/paola/.pico-sdk/sdk/2.1.0/src/rp2_common/hardware_gpio/gpio.c.obj
                0x10001360                gpio_set_irq_enabled
 .text.gpio_set_irq_enabled_with_callback
                0x100013b8       0xd0 CMakeFiles/comunicacao_serial.dir/C_/Users/paola/.pico-sdk/sdk/2.1.0/src/rp2_common/hardware_gpio/gpio.c.obj
                0x100013b8                gpio_set_irq_enabled_with_callback
 .text.gpio_init
                0x10001488       0x40 CMakeFiles/comunicacao_serial.dir/C_/Users/paola/.pico-sdk/sdk/2.1.0/src/rp2_common/hardware_gpio/gpio.c.obj
                0x10001488                gpio_init
 .text.rp2040_chip_version
                0x100014c8        0xc CMakeFiles/comunicacao_serial.dir/C_/Users/paola/.pico-sdk/sdk/2.1.0/src/rp2040/pico_platform/platform.c.obj
                0x100014c8                rp2040_chip_version
 .text.panic    0x100014d4       0x30 CMakeFiles/comunicacao_serial.dir/C_/Users/paola/.pico-sdk/sdk/2.1.0/src/rp2_common/pico_platform_panic/panic.c.obj
                0x100014d4                panic
 .text.hw_claim_lock
                0x10001504       0x18 CMakeFiles/comunicacao_serial.dir/C_/Users/paola/.pico-sdk/sdk/2.1.0/src/common/hardware_claim/claim.c.obj
                0x10001504                hw_claim_lock
 .text.hw_claim_unlock
                0x1000151c       0x14 CMakeFiles/comunicacao_serial.dir/C_/Users/paola/.pico-sdk/sdk/2.1.0/src/common/hardware_claim/claim.c.obj
                0x1000151c                hw_claim_unlock
 .text.hw_claim_or_assert
                0x10001530       0x44 CMakeFiles/comunicacao_serial.dir/C_/Users/paola/.pico-sdk/sdk/2.1.0/src/common/hardware_claim/claim.c.obj
                0x10001530                hw_claim_or_assert
 .text.hw_claim_unused_from_range
                0x10001574       0x9c CMakeFiles/comunicacao_serial.dir/C_/Users/paola/.pico-sdk/sdk/2.1.0/src/common/hardware_claim/claim.c.obj
                0x10001574                hw_claim_unused_from_range
 .text.next_striped_spin_lock_num
                0x10001610       0x18 CMakeFiles/comunicacao_serial.dir/C_/Users/paola/.pico-sdk/sdk/2.1.0/src/rp2_common/hardware_sync/sync.c.obj
                0x10001610                next_striped_spin_lock_num
 .text.spin_lock_claim_unused
                0x10001628       0x24 CMakeFiles/comunicacao_serial.dir/C_/Users/paola/.pico-sdk/sdk/2.1.0/src/rp2_common/hardware_sync/sync.c.obj
                0x10001628                spin_lock_claim_unused
 .text.spin_locks_reset
                0x1000164c       0x1c CMakeFiles/comunicacao_serial.dir/C_/Users/paola/.pico-sdk/sdk/2.1.0/src/rp2_common/hardware_sync_spin_lock/sync_spin_lock.c.obj
                0x1000164c                spin_locks_reset
 .text.runtime_init_per_core_irq_priorities
                0x10001668       0x24 CMakeFiles/comunicacao_serial.dir/C_/Users/paola/.pico-sdk/sdk/2.1.0/src/rp2_common/hardware_irq/irq.c.obj
                0x10001668                runtime_init_per_core_irq_priorities
 .text.irq_set_enabled
                0x1000168c       0x24 CMakeFiles/comunicacao_serial.dir/C_/Users/paola/.pico-sdk/sdk/2.1.0/src/rp2_common/hardware_irq/irq.c.obj
                0x1000168c                irq_set_enabled
 .text.irq_is_enabled
                0x100016b0       0x18 CMakeFiles/comunicacao_serial.dir/C_/Users/paola/.pico-sdk/sdk/2.1.0/src/rp2_common/hardware_irq/irq.c.obj
                0x100016b0                irq_is_enabled
 .text.irq_set_pending
                0x100016c8       0x10 CMakeFiles/comunicacao_serial.dir/C_/Users/paola/.pico-sdk/sdk/2.1.0/src/rp2_common/hardware_irq/irq.c.obj
                0x100016c8                irq_set_pending
 .text.irq_has_shared_handler
                0x100016d8       0x2c CMakeFiles/comunicacao_serial.dir/C_/Users/paola/.pico-sdk/sdk/2.1.0/src/rp2_common/hardware_irq/irq.c.obj
                0x100016d8                irq_has_shared_handler
 .text.irq_set_exclusive_handler
                0x10001704       0x54 CMakeFiles/comunicacao_serial.dir/C_/Users/paola/.pico-sdk/sdk/2.1.0/src/rp2_common/hardware_irq/irq.c.obj
                0x10001704                irq_set_exclusive_handler
 .text.irq_add_shared_handler
                0x10001758      0x1f4 CMakeFiles/comunicacao_serial.dir/C_/Users/paola/.pico-sdk/sdk/2.1.0/src/rp2_common/hardware_irq/irq.c.obj
                0x10001758                irq_add_shared_handler
 .text.irq_remove_handler
                0x1000194c      0x1d4 CMakeFiles/comunicacao_serial.dir/C_/Users/paola/.pico-sdk/sdk/2.1.0/src/rp2_common/hardware_irq/irq.c.obj
                0x1000194c                irq_remove_handler
 .text.irq_add_tail_to_free_list
                0x10001b20       0xb4 CMakeFiles/comunicacao_serial.dir/C_/Users/paola/.pico-sdk/sdk/2.1.0/src/rp2_common/hardware_irq/irq.c.obj
                0x10001b20                irq_add_tail_to_free_list
 .text.user_irq_claim_unused
                0x10001bd4       0x2c CMakeFiles/comunicacao_serial.dir/C_/Users/paola/.pico-sdk/sdk/2.1.0/src/rp2_common/hardware_irq/irq.c.obj
                0x10001bd4                user_irq_claim_unused
 .text.lock_init
                0x10001c00       0x10 CMakeFiles/comunicacao_serial.dir/C_/Users/paola/.pico-sdk/sdk/2.1.0/src/common/pico_sync/lock_core.c.obj
                0x10001c00                lock_init
 .text.runtime_init_mutex
                0x10001c10       0x50 CMakeFiles/comunicacao_serial.dir/C_/Users/paola/.pico-sdk/sdk/2.1.0/src/common/pico_sync/mutex.c.obj
                0x10001c10                runtime_init_mutex
 .text.mutex_init
                0x10001c60       0x1c CMakeFiles/comunicacao_serial.dir/C_/Users/paola/.pico-sdk/sdk/2.1.0/src/common/pico_sync/mutex.c.obj
                0x10001c60                mutex_init
 .text.critical_section_init
                0x10001c7c       0x1c CMakeFiles/comunicacao_serial.dir/C_/Users/paola/.pico-sdk/sdk/2.1.0/src/common/pico_sync/critical_section.c.obj
                0x10001c7c                critical_section_init
 .text.critical_section_init_with_lock_num
                0x10001c98       0x14 CMakeFiles/comunicacao_serial.dir/C_/Users/paola/.pico-sdk/sdk/2.1.0/src/common/pico_sync/critical_section.c.obj
                0x10001c98                critical_section_init_with_lock_num
 .text.sleep_until_callback
                0x10001cac       0x30 CMakeFiles/comunicacao_serial.dir/C_/Users/paola/.pico-sdk/sdk/2.1.0/src/common/pico_time/time.c.obj
 .text.alarm_pool_irq_handler
                0x10001cdc      0x2fc CMakeFiles/comunicacao_serial.dir/C_/Users/paola/.pico-sdk/sdk/2.1.0/src/common/pico_time/time.c.obj
 .text.runtime_init_default_alarm_pool
                0x10001fd8       0xdc CMakeFiles/comunicacao_serial.dir/C_/Users/paola/.pico-sdk/sdk/2.1.0/src/common/pico_time/time.c.obj
                0x10001fd8                runtime_init_default_alarm_pool
 .text.alarm_pool_get_default
                0x100020b4        0x8 CMakeFiles/comunicacao_serial.dir/C_/Users/paola/.pico-sdk/sdk/2.1.0/src/common/pico_time/time.c.obj
                0x100020b4                alarm_pool_get_default
 .text.alarm_pool_add_alarm_at
                0x100020bc       0xd4 CMakeFiles/comunicacao_serial.dir/C_/Users/paola/.pico-sdk/sdk/2.1.0/src/common/pico_time/time.c.obj
                0x100020bc                alarm_pool_add_alarm_at
 .text.alarm_pool_add_alarm_at_force_in_context
                0x10002190       0xb0 CMakeFiles/comunicacao_serial.dir/C_/Users/paola/.pico-sdk/sdk/2.1.0/src/common/pico_time/time.c.obj
                0x10002190                alarm_pool_add_alarm_at_force_in_context
 .text.alarm_pool_cancel_alarm
                0x10002240       0x74 CMakeFiles/comunicacao_serial.dir/C_/Users/paola/.pico-sdk/sdk/2.1.0/src/common/pico_time/time.c.obj
                0x10002240                alarm_pool_cancel_alarm
 .text.alarm_pool_core_num
                0x100022b4        0x4 CMakeFiles/comunicacao_serial.dir/C_/Users/paola/.pico-sdk/sdk/2.1.0/src/common/pico_time/time.c.obj
                0x100022b4                alarm_pool_core_num
 .text.sleep_until
                0x100022b8       0xd8 CMakeFiles/comunicacao_serial.dir/C_/Users/paola/.pico-sdk/sdk/2.1.0/src/common/pico_time/time.c.obj
                0x100022b8                sleep_until
 .text.sleep_ms
                0x10002390       0x38 CMakeFiles/comunicacao_serial.dir/C_/Users/paola/.pico-sdk/sdk/2.1.0/src/common/pico_time/time.c.obj
                0x10002390                sleep_ms
 .text.best_effort_wfe_or_timeout
                0x100023c8       0xe0 CMakeFiles/comunicacao_serial.dir/C_/Users/paola/.pico-sdk/sdk/2.1.0/src/common/pico_time/time.c.obj
                0x100023c8                best_effort_wfe_or_timeout
 .text.timer_hardware_alarm_claim
                0x100024a8       0x14 CMakeFiles/comunicacao_serial.dir/C_/Users/paola/.pico-sdk/sdk/2.1.0/src/rp2_common/hardware_timer/timer.c.obj
                0x100024a8                timer_hardware_alarm_claim
 .text.timer_time_us_64
                0x100024bc       0x10 CMakeFiles/comunicacao_serial.dir/C_/Users/paola/.pico-sdk/sdk/2.1.0/src/rp2_common/hardware_timer/timer.c.obj
                0x100024bc                timer_time_us_64
 .text.time_us_64
                0x100024cc       0x14 CMakeFiles/comunicacao_serial.dir/C_/Users/paola/.pico-sdk/sdk/2.1.0/src/rp2_common/hardware_timer/timer.c.obj
                0x100024cc                time_us_64
 .text.busy_wait_us
                0x100024e0       0x68 CMakeFiles/comunicacao_serial.dir/C_/Users/paola/.pico-sdk/sdk/2.1.0/src/rp2_common/hardware_timer/timer.c.obj
                0x100024e0                busy_wait_us
 .text.busy_wait_until
                0x10002548       0x20 CMakeFiles/comunicacao_serial.dir/C_/Users/paola/.pico-sdk/sdk/2.1.0/src/rp2_common/hardware_timer/timer.c.obj
                0x10002548                busy_wait_until
 .text.clock_configure_int_divider
                0x10002568       0xf4 CMakeFiles/comunicacao_serial.dir/C_/Users/paola/.pico-sdk/sdk/2.1.0/src/rp2_common/hardware_clocks/clocks.c.obj
                0x10002568                clock_configure_int_divider
 .text.clock_configure_undivided
                0x1000265c       0xe8 CMakeFiles/comunicacao_serial.dir/C_/Users/paola/.pico-sdk/sdk/2.1.0/src/rp2_common/hardware_clocks/clocks.c.obj
                0x1000265c                clock_configure_undivided
 .text.clock_get_hz
                0x10002744        0xc CMakeFiles/comunicacao_serial.dir/C_/Users/paola/.pico-sdk/sdk/2.1.0/src/rp2_common/hardware_clocks/clocks.c.obj
                0x10002744                clock_get_hz
 .text.pll_init
                0x10002750       0xa4 CMakeFiles/comunicacao_serial.dir/C_/Users/paola/.pico-sdk/sdk/2.1.0/src/rp2_common/hardware_pll/pll.c.obj
                0x10002750                pll_init
 .text.watchdog_reboot
                0x100027f4       0x9c CMakeFiles/comunicacao_serial.dir/C_/Users/paola/.pico-sdk/sdk/2.1.0/src/rp2_common/hardware_watchdog/watchdog.c.obj
                0x100027f4                watchdog_reboot
 .text.tick_start
                0x10002890       0x10 CMakeFiles/comunicacao_serial.dir/C_/Users/paola/.pico-sdk/sdk/2.1.0/src/rp2_common/hardware_ticks/ticks.c.obj
                0x10002890                tick_start
 .text.rom_func_lookup
                0x100028a0       0x10 CMakeFiles/comunicacao_serial.dir/C_/Users/paola/.pico-sdk/sdk/2.1.0/src/rp2_common/pico_bootrom/bootrom.c.obj
                0x100028a0                rom_func_lookup
 .text.rom_data_lookup
                0x100028b0       0x10 CMakeFiles/comunicacao_serial.dir/C_/Users/paola/.pico-sdk/sdk/2.1.0/src/rp2_common/pico_bootrom/bootrom.c.obj
                0x100028b0                rom_data_lookup
 .text.rom_funcs_lookup
                0x100028c0       0x44 CMakeFiles/comunicacao_serial.dir/C_/Users/paola/.pico-sdk/sdk/2.1.0/src/rp2_common/pico_bootrom/bootrom.c.obj
                0x100028c0                rom_funcs_lookup
 .text.rom_reset_usb_boot_extra
                0x10002904       0x28 CMakeFiles/comunicacao_serial.dir/C_/Users/paola/.pico-sdk/sdk/2.1.0/src/rp2_common/pico_bootrom/bootrom.c.obj
                0x10002904                rom_reset_usb_boot_extra
 .text.xosc_init
                0x1000292c       0x28 CMakeFiles/comunicacao_serial.dir/C_/Users/paola/.pico-sdk/sdk/2.1.0/src/rp2_common/hardware_xosc/xosc.c.obj
                0x1000292c                xosc_init
 .text.first_per_core_initializer
                0x10002954        0x4 CMakeFiles/comunicacao_serial.dir/C_/Users/paola/.pico-sdk/sdk/2.1.0/src/rp2_common/pico_runtime/runtime.c.obj
 .text.hard_assertion_failure
                0x10002958        0xc CMakeFiles/comunicacao_serial.dir/C_/Users/paola/.pico-sdk/sdk/2.1.0/src/rp2_common/pico_runtime/runtime.c.obj
                0x10002958                hard_assertion_failure
 .text.runtime_run_initializers
                0x10002964       0x28 CMakeFiles/comunicacao_serial.dir/C_/Users/paola/.pico-sdk/sdk/2.1.0/src/rp2_common/pico_runtime/runtime.c.obj
                0x10002964                runtime_run_initializers
 .text.runtime_init_early_resets
                0x1000298c       0x2c CMakeFiles/comunicacao_serial.dir/C_/Users/paola/.pico-sdk/sdk/2.1.0/src/rp2_common/pico_runtime_init/runtime_init.c.obj
                0x1000298c                runtime_init_early_resets
 .text.runtime_init_usb_power_down
                0x100029b8       0x1c CMakeFiles/comunicacao_serial.dir/C_/Users/paola/.pico-sdk/sdk/2.1.0/src/rp2_common/pico_runtime_init/runtime_init.c.obj
                0x100029b8                runtime_init_usb_power_down
 .text.runtime_init_post_clock_resets
                0x100029d4       0x20 CMakeFiles/comunicacao_serial.dir/C_/Users/paola/.pico-sdk/sdk/2.1.0/src/rp2_common/pico_runtime_init/runtime_init.c.obj
                0x100029d4                runtime_init_post_clock_resets
 .text.runtime_init_rp2040_gpio_ie_disable
                0x100029f4       0x14 CMakeFiles/comunicacao_serial.dir/C_/Users/paola/.pico-sdk/sdk/2.1.0/src/rp2_common/pico_runtime_init/runtime_init.c.obj
                0x100029f4                runtime_init_rp2040_gpio_ie_disable
 .text.runtime_init_spin_locks_reset
                0x10002a08        0x8 CMakeFiles/comunicacao_serial.dir/C_/Users/paola/.pico-sdk/sdk/2.1.0/src/rp2_common/pico_runtime_init/runtime_init.c.obj
                0x10002a08                runtime_init_spin_locks_reset
 .text.runtime_init_install_ram_vector_table
                0x10002a10       0x1c CMakeFiles/comunicacao_serial.dir/C_/Users/paola/.pico-sdk/sdk/2.1.0/src/rp2_common/pico_runtime_init/runtime_init.c.obj
                0x10002a10                runtime_init_install_ram_vector_table
 .text.runtime_init_clocks
                0x10002a2c       0xd8 CMakeFiles/comunicacao_serial.dir/C_/Users/paola/.pico-sdk/sdk/2.1.0/src/rp2_common/pico_runtime_init/runtime_init_clocks.c.obj
                0x10002a2c                runtime_init_clocks
 .text          0x10002b04       0x10 CMakeFiles/comunicacao_serial.dir/C_/Users/paola/.pico-sdk/sdk/2.1.0/src/rp2_common/pico_bit_ops/bit_ops_aeabi.S.obj
 .text.__wrap___aeabi_idiv
                0x10002b14       0x50 CMakeFiles/comunicacao_serial.dir/C_/Users/paola/.pico-sdk/sdk/2.1.0/src/rp2_common/pico_divider/divider_hardware.S.obj
                0x10002b14                __wrap___aeabi_idivmod
                0x10002b14                divmod_s32s32
                0x10002b14                div_s32s32
                0x10002b14                __wrap___aeabi_idiv
                0x10002b1c                divmod_s32s32_unsafe
                0x10002b48                divmod_s32s32_savestate
 .text.__wrap___aeabi_uidiv
                0x10002b64       0x4c CMakeFiles/comunicacao_serial.dir/C_/Users/paola/.pico-sdk/sdk/2.1.0/src/rp2_common/pico_divider/divider_hardware.S.obj
                0x10002b64                __wrap___aeabi_uidiv
                0x10002b64                __wrap___aeabi_uidivmod
                0x10002b64                div_u32u32
                0x10002b64                divmod_u32u32
                0x10002b6c                divmod_u32u32_unsafe
                0x10002b94                divmod_u32u32_savestate
 .text.__wrap___aeabi_ldiv
                0x10002bb0      0x424 CMakeFiles/comunicacao_serial.dir/C_/Users/paola/.pico-sdk/sdk/2.1.0/src/rp2_common/pico_divider/divider_hardware.S.obj
                0x10002bb0                div_s64s64
                0x10002bb0                divmod_s64s64
                0x10002bb0                __wrap___aeabi_ldivmod
                0x10002be0                divmod_u64u64
                0x10002be0                div_u64u64
                0x10002be0                __wrap___aeabi_uldivmod
                0x10002bf0                divmod_u64u64_savestate
                0x10002c10                divmod_s64s64_unsafe
                0x10002c98                divmod_u64u64_unsafe
 .text.__wrap___aeabi_darithmetic
                0x10002fd4       0x60 CMakeFiles/comunicacao_serial.dir/C_/Users/paola/.pico-sdk/sdk/2.1.0/src/rp2_common/pico_double/double_aeabi_rp2040.S.obj
                0x10002fd4                __wrap___aeabi_drsub
                0x10002fda                __wrap___aeabi_dsub
                0x10002fe4                __wrap___aeabi_dadd
                0x10002fee                __wrap___aeabi_ddiv
                0x10003022                __wrap___aeabi_dmul
 .text.__wrap___aeabi_cdcmple
                0x10003034       0x6c CMakeFiles/comunicacao_serial.dir/C_/Users/paola/.pico-sdk/sdk/2.1.0/src/rp2_common/pico_double/double_aeabi_rp2040.S.obj
                0x10003034                __wrap___aeabi_cdrcmple
                0x10003044                __wrap___aeabi_cdcmpeq
                0x10003044                __wrap___aeabi_cdcmple
 .text.__wrap___aeabi_dcmplt
                0x100030a0        0xc CMakeFiles/comunicacao_serial.dir/C_/Users/paola/.pico-sdk/sdk/2.1.0/src/rp2_common/pico_double/double_aeabi_rp2040.S.obj
                0x100030a0                __wrap___aeabi_dcmplt
 .text.__wrap___aeabi_dcmpge
                0x100030ac       0x10 CMakeFiles/comunicacao_serial.dir/C_/Users/paola/.pico-sdk/sdk/2.1.0/src/rp2_common/pico_double/double_aeabi_rp2040.S.obj
                0x100030ac                __wrap___aeabi_dcmpge
 .text.__wrap___aeabi_dcmpgt
                0x100030bc        0xa CMakeFiles/comunicacao_serial.dir/C_/Users/paola/.pico-sdk/sdk/2.1.0/src/rp2_common/pico_double/double_aeabi_rp2040.S.obj
                0x100030bc                __wrap___aeabi_dcmpgt
 .text.__wrap___aeabi_dcmpun
                0x100030c6       0x18 CMakeFiles/comunicacao_serial.dir/C_/Users/paola/.pico-sdk/sdk/2.1.0/src/rp2_common/pico_double/double_aeabi_rp2040.S.obj
                0x100030c6                __wrap___aeabi_dcmpun
 *fill*         0x100030de        0x2 
 .text.__wrap___aeabi_i2d
                0x100030e0       0x38 CMakeFiles/comunicacao_serial.dir/C_/Users/paola/.pico-sdk/sdk/2.1.0/src/rp2_common/pico_double/double_aeabi_rp2040.S.obj
                0x100030e0                __wrap___aeabi_ui2d
                0x100030e8                __wrap___aeabi_i2d
 .text.__wrap___aeabi_d2iz
                0x10003118       0x48 CMakeFiles/comunicacao_serial.dir/C_/Users/paola/.pico-sdk/sdk/2.1.0/src/rp2_common/pico_double/double_aeabi_rp2040.S.obj
                0x10003118                double2int_z
                0x10003118                __wrap___aeabi_d2iz
 .text.__wrap___aeabi_d2uiz
                0x10003160       0x10 CMakeFiles/comunicacao_serial.dir/C_/Users/paola/.pico-sdk/sdk/2.1.0/src/rp2_common/pico_double/double_aeabi_rp2040.S.obj
                0x10003160                __wrap___aeabi_d2uiz
                0x10003160                double2uint
 .text.missing_double_func_shim
                0x10003170        0xc CMakeFiles/comunicacao_serial.dir/C_/Users/paola/.pico-sdk/sdk/2.1.0/src/rp2_common/pico_double/double_init_rom_rp2040.c.obj
 .text.__aeabi_double_init
                0x1000317c       0xa0 CMakeFiles/comunicacao_serial.dir/C_/Users/paola/.pico-sdk/sdk/2.1.0/src/rp2_common/pico_double/double_init_rom_rp2040.c.obj
                0x1000317c                __aeabi_double_init
 .text.double_table_shim_on_use_helper
                0x1000321c       0x2c CMakeFiles/comunicacao_serial.dir/C_/Users/paola/.pico-sdk/sdk/2.1.0/src/rp2_common/pico_double/double_v1_rom_shim_rp2040.S.obj
                0x1000321c                double_table_shim_on_use_helper
 .text.__aeabi_lmul
                0x10003248       0x32 CMakeFiles/comunicacao_serial.dir/C_/Users/paola/.pico-sdk/sdk/2.1.0/src/rp2_common/pico_int64_ops/pico_int64_ops_aeabi.S.obj
                0x10003248                __wrap___aeabi_lmul
 *fill*         0x1000327a        0x2 
 .text.__wrap___aeabi_farithmetic
                0x1000327c       0x48 CMakeFiles/comunicacao_serial.dir/C_/Users/paola/.pico-sdk/sdk/2.1.0/src/rp2_common/pico_float/float_aeabi_rp2040.S.obj
                0x1000327c                __wrap___aeabi_frsub
                0x10003282                __wrap___aeabi_fsub
                0x10003288                __wrap___aeabi_fadd
                0x1000328e                __wrap___aeabi_fdiv
                0x100032b6                __wrap___aeabi_fmul
 .text.__wrap___aeabi_ui2f
                0x100032c4        0xa CMakeFiles/comunicacao_serial.dir/C_/Users/paola/.pico-sdk/sdk/2.1.0/src/rp2_common/pico_float/float_aeabi_rp2040.S.obj
                0x100032c4                __wrap___aeabi_ui2f
                0x100032c4                uint2float
 *fill*         0x100032ce        0x2 
 .text.__wrap___aeabi_i2f
                0x100032d0       0x44 CMakeFiles/comunicacao_serial.dir/C_/Users/paola/.pico-sdk/sdk/2.1.0/src/rp2_common/pico_float/float_aeabi_rp2040.S.obj
                0x100032d0                __wrap___aeabi_i2f
                0x100032d0                int2float
 .text.__wrap___aeabi_f2uiz
                0x10003314        0xc CMakeFiles/comunicacao_serial.dir/C_/Users/paola/.pico-sdk/sdk/2.1.0/src/rp2_common/pico_float/float_aeabi_rp2040.S.obj
                0x10003314                __wrap___aeabi_f2uiz
                0x10003314                float2uint_z
 .text.missing_float_func_shim
                0x10003320        0xc CMakeFiles/comunicacao_serial.dir/C_/Users/paola/.pico-sdk/sdk/2.1.0/src/rp2_common/pico_float/float_init_rom_rp2040.c.obj
 .text.__aeabi_float_init
                0x1000332c       0x5c CMakeFiles/comunicacao_serial.dir/C_/Users/paola/.pico-sdk/sdk/2.1.0/src/rp2_common/pico_float/float_init_rom_rp2040.c.obj
                0x1000332c                __aeabi_float_init
 .text.__wrap_calloc
                0x10003388       0x28 CMakeFiles/comunicacao_serial.dir/C_/Users/paola/.pico-sdk/sdk/2.1.0/src/rp2_common/pico_malloc/malloc.c.obj
                0x10003388                __wrap_calloc
 .text          0x100033b0       0x10 CMakeFiles/comunicacao_serial.dir/C_/Users/paola/.pico-sdk/sdk/2.1.0/src/rp2_common/pico_mem_ops/mem_ops_aeabi.S.obj
                0x100033b0                __aeabi_mem_init
 .text.memset   0x100033c0        0xc CMakeFiles/comunicacao_serial.dir/C_/Users/paola/.pico-sdk/sdk/2.1.0/src/rp2_common/pico_mem_ops/mem_ops_aeabi.S.obj
                0x100033c0                __wrap_memset
 .text.memcpy   0x100033cc        0xc CMakeFiles/comunicacao_serial.dir/C_/Users/paola/.pico-sdk/sdk/2.1.0/src/rp2_common/pico_mem_ops/mem_ops_aeabi.S.obj
                0x100033cc                __wrap_memcpy
                0x100033cc                __wrap___aeabi_memcpy
 .text._out_null
                0x100033d8        0x4 CMakeFiles/comunicacao_serial.dir/C_/Users/paola/.pico-sdk/sdk/2.1.0/src/rp2_common/pico_printf/printf.c.obj
 .text._out_rev
                0x100033dc       0xac CMakeFiles/comunicacao_serial.dir/C_/Users/paola/.pico-sdk/sdk/2.1.0/src/rp2_common/pico_printf/printf.c.obj
 .text._ntoa_format
                0x10003488      0x250 CMakeFiles/comunicacao_serial.dir/C_/Users/paola/.pico-sdk/sdk/2.1.0/src/rp2_common/pico_printf/printf.c.obj
 .text._out_char
                0x100036d8       0x10 CMakeFiles/comunicacao_serial.dir/C_/Users/paola/.pico-sdk/sdk/2.1.0/src/rp2_common/pico_printf/printf.c.obj
 .text._out_fct
                0x100036e8       0x10 CMakeFiles/comunicacao_serial.dir/C_/Users/paola/.pico-sdk/sdk/2.1.0/src/rp2_common/pico_printf/printf.c.obj
 .text._etoa    0x100036f8      0x464 CMakeFiles/comunicacao_serial.dir/C_/Users/paola/.pico-sdk/sdk/2.1.0/src/rp2_common/pico_printf/printf.c.obj
 .text._ftoa    0x10003b5c      0x3c0 CMakeFiles/comunicacao_serial.dir/C_/Users/paola/.pico-sdk/sdk/2.1.0/src/rp2_common/pico_printf/printf.c.obj
 .text._vsnprintf
                0x10003f1c      0xbc8 CMakeFiles/comunicacao_serial.dir/C_/Users/paola/.pico-sdk/sdk/2.1.0/src/rp2_common/pico_printf/printf.c.obj
 .text.vfctprintf
                0x10004ae4       0x20 CMakeFiles/comunicacao_serial.dir/C_/Users/paola/.pico-sdk/sdk/2.1.0/src/rp2_common/pico_printf/printf.c.obj
                0x10004ae4                vfctprintf
 .text.weak_raw_vprintf
                0x10004b04       0x30 CMakeFiles/comunicacao_serial.dir/C_/Users/paola/.pico-sdk/sdk/2.1.0/src/rp2_common/pico_printf/printf.c.obj
                0x10004b04                weak_raw_vprintf
 .text._exit    0x10004b34        0x4 CMakeFiles/comunicacao_serial.dir/C_/Users/paola/.pico-sdk/sdk/2.1.0/src/rp2_common/pico_clib_interface/newlib_interface.c.obj
                0x10004b34                _exit
 .text._sbrk    0x10004b38       0x34 CMakeFiles/comunicacao_serial.dir/C_/Users/paola/.pico-sdk/sdk/2.1.0/src/rp2_common/pico_clib_interface/newlib_interface.c.obj
                0x10004b38                _sbrk
 .text.exit     0x10004b6c        0x8 CMakeFiles/comunicacao_serial.dir/C_/Users/paola/.pico-sdk/sdk/2.1.0/src/rp2_common/pico_clib_interface/newlib_interface.c.obj
                0x10004b6c                exit
 .text.runtime_init
                0x10004b74       0x2c CMakeFiles/comunicacao_serial.dir/C_/Users/paola/.pico-sdk/sdk/2.1.0/src/rp2_common/pico_clib_interface/newlib_interface.c.obj
                0x10004b74                runtime_init
 .text.stdio_out_chars_no_crlf
                0x10004ba0       0x10 CMakeFiles/comunicacao_serial.dir/C_/Users/paola/.pico-sdk/sdk/2.1.0/src/rp2_common/pico_stdio/stdio.c.obj
 .text.stdio_out_chars_crlf
                0x10004bb0       0x94 CMakeFiles/comunicacao_serial.dir/C_/Users/paola/.pico-sdk/sdk/2.1.0/src/rp2_common/pico_stdio/stdio.c.obj
 .text.stdio_buffered_printer
                0x10004c44       0x64 CMakeFiles/comunicacao_serial.dir/C_/Users/paola/.pico-sdk/sdk/2.1.0/src/rp2_common/pico_stdio/stdio.c.obj
 .text.stdio_put_string
                0x10004ca8      0x100 CMakeFiles/comunicacao_serial.dir/C_/Users/paola/.pico-sdk/sdk/2.1.0/src/rp2_common/pico_stdio/stdio.c.obj
                0x10004ca8                stdio_put_string
 .text.stdio_set_driver_enabled
                0x10004da8       0x30 CMakeFiles/comunicacao_serial.dir/C_/Users/paola/.pico-sdk/sdk/2.1.0/src/rp2_common/pico_stdio/stdio.c.obj
                0x10004da8                stdio_set_driver_enabled
 .text.stdio_init_all
                0x10004dd8        0x8 CMakeFiles/comunicacao_serial.dir/C_/Users/paola/.pico-sdk/sdk/2.1.0/src/rp2_common/pico_stdio/stdio.c.obj
                0x10004dd8                stdio_init_all
 .text.stdio_getchar_timeout_us
                0x10004de0       0x98 CMakeFiles/comunicacao_serial.dir/C_/Users/paola/.pico-sdk/sdk/2.1.0/src/rp2_common/pico_stdio/stdio.c.obj
                0x10004de0                stdio_getchar_timeout_us
 .text.__wrap_putchar
                0x10004e78       0x98 CMakeFiles/comunicacao_serial.dir/C_/Users/paola/.pico-sdk/sdk/2.1.0/src/rp2_common/pico_stdio/stdio.c.obj
                0x10004e78                __wrap_putchar
                0x10004e78                stdio_putchar
 .text.__wrap_puts
                0x10004f10       0x3c CMakeFiles/comunicacao_serial.dir/C_/Users/paola/.pico-sdk/sdk/2.1.0/src/rp2_common/pico_stdio/stdio.c.obj
                0x10004f10                stdio_puts
                0x10004f10                __wrap_puts
 .text.__wrap_vprintf
                0x10004f4c       0xd4 CMakeFiles/comunicacao_serial.dir/C_/Users/paola/.pico-sdk/sdk/2.1.0/src/rp2_common/pico_stdio/stdio.c.obj
                0x10004f4c                stdio_vprintf
                0x10004f4c                __wrap_vprintf
 .text.__wrap_printf
                0x10005020       0x18 CMakeFiles/comunicacao_serial.dir/C_/Users/paola/.pico-sdk/sdk/2.1.0/src/rp2_common/pico_stdio/stdio.c.obj
                0x10005020                __wrap_printf
                0x10005020                stdio_printf
 .text.resetd_init
                0x10005038        0x4 CMakeFiles/comunicacao_serial.dir/C_/Users/paola/.pico-sdk/sdk/2.1.0/src/rp2_common/pico_stdio_usb/reset_interface.c.obj
 .text.resetd_reset
                0x1000503c        0xc CMakeFiles/comunicacao_serial.dir/C_/Users/paola/.pico-sdk/sdk/2.1.0/src/rp2_common/pico_stdio_usb/reset_interface.c.obj
 .text.resetd_open
                0x10005048       0x28 CMakeFiles/comunicacao_serial.dir/C_/Users/paola/.pico-sdk/sdk/2.1.0/src/rp2_common/pico_stdio_usb/reset_interface.c.obj
 .text.resetd_xfer_cb
                0x10005070        0x4 CMakeFiles/comunicacao_serial.dir/C_/Users/paola/.pico-sdk/sdk/2.1.0/src/rp2_common/pico_stdio_usb/reset_interface.c.obj
 .text.resetd_control_xfer_cb
                0x10005074       0x5c CMakeFiles/comunicacao_serial.dir/C_/Users/paola/.pico-sdk/sdk/2.1.0/src/rp2_common/pico_stdio_usb/reset_interface.c.obj
 .text.tud_descriptor_bos_cb
                0x100050d0        0x8 CMakeFiles/comunicacao_serial.dir/C_/Users/paola/.pico-sdk/sdk/2.1.0/src/rp2_common/pico_stdio_usb/reset_interface.c.obj
                0x100050d0                tud_descriptor_bos_cb
 .text.tud_vendor_control_xfer_cb
                0x100050d8       0x34 CMakeFiles/comunicacao_serial.dir/C_/Users/paola/.pico-sdk/sdk/2.1.0/src/rp2_common/pico_stdio_usb/reset_interface.c.obj
                0x100050d8                tud_vendor_control_xfer_cb
 .text.usbd_app_driver_get_cb
                0x1000510c        0xc CMakeFiles/comunicacao_serial.dir/C_/Users/paola/.pico-sdk/sdk/2.1.0/src/rp2_common/pico_stdio_usb/reset_interface.c.obj
                0x1000510c                usbd_app_driver_get_cb
 .text.tud_cdc_line_coding_cb
                0x10005118       0x2c CMakeFiles/comunicacao_serial.dir/C_/Users/paola/.pico-sdk/sdk/2.1.0/src/rp2_common/pico_stdio_usb/reset_interface.c.obj
                0x10005118                tud_cdc_line_coding_cb
 .text.stdio_usb_set_chars_available_callback
                0x10005144       0x14 CMakeFiles/comunicacao_serial.dir/C_/Users/paola/.pico-sdk/sdk/2.1.0/src/rp2_common/pico_stdio_usb/stdio_usb.c.obj
                0x10005144                stdio_usb_set_chars_available_callback
 .text.usb_irq  0x10005158       0x10 CMakeFiles/comunicacao_serial.dir/C_/Users/paola/.pico-sdk/sdk/2.1.0/src/rp2_common/pico_stdio_usb/stdio_usb.c.obj
 .text.timer_task
                0x10005168       0x64 CMakeFiles/comunicacao_serial.dir/C_/Users/paola/.pico-sdk/sdk/2.1.0/src/rp2_common/pico_stdio_usb/stdio_usb.c.obj
 .text.stdio_usb_in_chars
                0x100051cc       0x90 CMakeFiles/comunicacao_serial.dir/C_/Users/paola/.pico-sdk/sdk/2.1.0/src/rp2_common/pico_stdio_usb/stdio_usb.c.obj
                0x100051cc                stdio_usb_in_chars
 .text.stdio_usb_out_flush
                0x1000525c       0x50 CMakeFiles/comunicacao_serial.dir/C_/Users/paola/.pico-sdk/sdk/2.1.0/src/rp2_common/pico_stdio_usb/stdio_usb.c.obj
 .text.stdio_usb_out_chars
                0x100052ac      0x104 CMakeFiles/comunicacao_serial.dir/C_/Users/paola/.pico-sdk/sdk/2.1.0/src/rp2_common/pico_stdio_usb/stdio_usb.c.obj
 .text.low_priority_worker_irq
                0x100053b0       0xcc CMakeFiles/comunicacao_serial.dir/C_/Users/paola/.pico-sdk/sdk/2.1.0/src/rp2_common/pico_stdio_usb/stdio_usb.c.obj
 .text.stdio_usb_init
                0x1000547c       0xe8 CMakeFiles/comunicacao_serial.dir/C_/Users/paola/.pico-sdk/sdk/2.1.0/src/rp2_common/pico_stdio_usb/stdio_usb.c.obj
                0x1000547c                stdio_usb_init
 .text.stdio_usb_connected
                0x10005564        0xc CMakeFiles/comunicacao_serial.dir/C_/Users/paola/.pico-sdk/sdk/2.1.0/src/rp2_common/pico_stdio_usb/stdio_usb.c.obj
                0x10005564                stdio_usb_connected
 .text.tud_descriptor_device_cb
                0x10005570        0x8 CMakeFiles/comunicacao_serial.dir/C_/Users/paola/.pico-sdk/sdk/2.1.0/src/rp2_common/pico_stdio_usb/stdio_usb_descriptors.c.obj
                0x10005570                tud_descriptor_device_cb
 .text.tud_descriptor_configuration_cb
                0x10005578        0x8 CMakeFiles/comunicacao_serial.dir/C_/Users/paola/.pico-sdk/sdk/2.1.0/src/rp2_common/pico_stdio_usb/stdio_usb_descriptors.c.obj
                0x10005578                tud_descriptor_configuration_cb
 .text.tud_descriptor_string_cb
                0x10005580       0x78 CMakeFiles/comunicacao_serial.dir/C_/Users/paola/.pico-sdk/sdk/2.1.0/src/rp2_common/pico_stdio_usb/stdio_usb_descriptors.c.obj
                0x10005580                tud_descriptor_string_cb
 .text.startup._retrieve_unique_id_on_boot
                0x100055f8       0x10 CMakeFiles/comunicacao_serial.dir/C_/Users/paola/.pico-sdk/sdk/2.1.0/src/rp2_common/pico_unique_id/unique_id.c.obj
 .text.pico_get_unique_board_id_string
                0x10005608      0x1a8 CMakeFiles/comunicacao_serial.dir/C_/Users/paola/.pico-sdk/sdk/2.1.0/src/rp2_common/pico_unique_id/unique_id.c.obj
                0x10005608                pico_get_unique_board_id_string
 .text.flash_get_unique_id
                0x100057b0       0x3c CMakeFiles/comunicacao_serial.dir/C_/Users/paola/.pico-sdk/sdk/2.1.0/src/rp2_common/hardware_flash/flash.c.obj
                0x100057b0                flash_get_unique_id
 .text.dcd_init
                0x100057ec       0x8c CMakeFiles/comunicacao_serial.dir/C_/Users/paola/.pico-sdk/sdk/2.1.0/lib/tinyusb/src/portable/raspberrypi/rp2040/dcd_rp2040.c.obj
                0x100057ec                dcd_init
 .text.dcd_int_enable
                0x10005878        0xc CMakeFiles/comunicacao_serial.dir/C_/Users/paola/.pico-sdk/sdk/2.1.0/lib/tinyusb/src/portable/raspberrypi/rp2040/dcd_rp2040.c.obj
                0x10005878                dcd_int_enable
 .text.dcd_set_address
                0x10005884       0x14 CMakeFiles/comunicacao_serial.dir/C_/Users/paola/.pico-sdk/sdk/2.1.0/lib/tinyusb/src/portable/raspberrypi/rp2040/dcd_rp2040.c.obj
                0x10005884                dcd_set_address
 .text.dcd_sof_enable
                0x10005898       0x1c CMakeFiles/comunicacao_serial.dir/C_/Users/paola/.pico-sdk/sdk/2.1.0/lib/tinyusb/src/portable/raspberrypi/rp2040/dcd_rp2040.c.obj
                0x10005898                dcd_sof_enable
 .text.dcd_edpt0_status_complete
                0x100058b4       0x1c CMakeFiles/comunicacao_serial.dir/C_/Users/paola/.pico-sdk/sdk/2.1.0/lib/tinyusb/src/portable/raspberrypi/rp2040/dcd_rp2040.c.obj
                0x100058b4                dcd_edpt0_status_complete
 .text.dcd_edpt_open
                0x100058d0      0x108 CMakeFiles/comunicacao_serial.dir/C_/Users/paola/.pico-sdk/sdk/2.1.0/lib/tinyusb/src/portable/raspberrypi/rp2040/dcd_rp2040.c.obj
                0x100058d0                dcd_edpt_open
 .text.dcd_edpt_close_all
                0x100059d8        0x8 CMakeFiles/comunicacao_serial.dir/C_/Users/paola/.pico-sdk/sdk/2.1.0/lib/tinyusb/src/portable/raspberrypi/rp2040/dcd_rp2040.c.obj
                0x100059d8                dcd_edpt_close_all
 .text.dcd_edpt_xfer
                0x100059e0       0x24 CMakeFiles/comunicacao_serial.dir/C_/Users/paola/.pico-sdk/sdk/2.1.0/lib/tinyusb/src/portable/raspberrypi/rp2040/dcd_rp2040.c.obj
                0x100059e0                dcd_edpt_xfer
 .text.dcd_edpt_stall
                0x10005a04       0x34 CMakeFiles/comunicacao_serial.dir/C_/Users/paola/.pico-sdk/sdk/2.1.0/lib/tinyusb/src/portable/raspberrypi/rp2040/dcd_rp2040.c.obj
                0x10005a04                dcd_edpt_stall
 .text.dcd_edpt_clear_stall
                0x10005a38       0x30 CMakeFiles/comunicacao_serial.dir/C_/Users/paola/.pico-sdk/sdk/2.1.0/lib/tinyusb/src/portable/raspberrypi/rp2040/dcd_rp2040.c.obj
                0x10005a38                dcd_edpt_clear_stall
 .text.rp2040_usb_init
                0x10005a68       0x40 CMakeFiles/comunicacao_serial.dir/C_/Users/paola/.pico-sdk/sdk/2.1.0/lib/tinyusb/src/portable/raspberrypi/rp2040/rp2040_usb.c.obj
                0x10005a68                rp2040_usb_init
 .text.hw_endpoint_xfer_start
                0x10005aa8       0x40 CMakeFiles/comunicacao_serial.dir/C_/Users/paola/.pico-sdk/sdk/2.1.0/lib/tinyusb/src/portable/raspberrypi/rp2040/rp2040_usb.c.obj
                0x10005aa8                hw_endpoint_xfer_start
 .text.tud_event_hook_cb
                0x10005ae8        0x4 CMakeFiles/comunicacao_serial.dir/C_/Users/paola/.pico-sdk/sdk/2.1.0/lib/tinyusb/src/device/usbd.c.obj
                0x10005ae8                tud_event_hook_cb
 .text.tud_sof_cb
                0x10005aec        0x4 CMakeFiles/comunicacao_serial.dir/C_/Users/paola/.pico-sdk/sdk/2.1.0/lib/tinyusb/src/device/usbd.c.obj
                0x10005aec                tud_sof_cb
 .text.tud_descriptor_device_qualifier_cb
                0x10005af0        0x4 CMakeFiles/comunicacao_serial.dir/C_/Users/paola/.pico-sdk/sdk/2.1.0/lib/tinyusb/src/device/usbd.c.obj
                0x10005af0                tud_descriptor_device_qualifier_cb
 .text.tud_descriptor_other_speed_configuration_cb
                0x10005af4        0x4 CMakeFiles/comunicacao_serial.dir/C_/Users/paola/.pico-sdk/sdk/2.1.0/lib/tinyusb/src/device/usbd.c.obj
                0x10005af4                tud_descriptor_other_speed_configuration_cb
 .text.tud_mount_cb
                0x10005af8        0x4 CMakeFiles/comunicacao_serial.dir/C_/Users/paola/.pico-sdk/sdk/2.1.0/lib/tinyusb/src/device/usbd.c.obj
                0x10005af8                tud_mount_cb
 .text.tud_umount_cb
                0x10005afc        0x4 CMakeFiles/comunicacao_serial.dir/C_/Users/paola/.pico-sdk/sdk/2.1.0/lib/tinyusb/src/device/usbd.c.obj
                0x10005afc                tud_umount_cb
 .text.tud_suspend_cb
                0x10005b00        0x4 CMakeFiles/comunicacao_serial.dir/C_/Users/paola/.pico-sdk/sdk/2.1.0/lib/tinyusb/src/device/usbd.c.obj
                0x10005b00                tud_suspend_cb
 .text.tud_resume_cb
                0x10005b04        0x4 CMakeFiles/comunicacao_serial.dir/C_/Users/paola/.pico-sdk/sdk/2.1.0/lib/tinyusb/src/device/usbd.c.obj
                0x10005b04                tud_resume_cb
 .text.tud_mounted
                0x10005b08       0x10 CMakeFiles/comunicacao_serial.dir/C_/Users/paola/.pico-sdk/sdk/2.1.0/lib/tinyusb/src/device/usbd.c.obj
                0x10005b08                tud_mounted
 .text.tud_suspended
                0x10005b18       0x10 CMakeFiles/comunicacao_serial.dir/C_/Users/paola/.pico-sdk/sdk/2.1.0/lib/tinyusb/src/device/usbd.c.obj
                0x10005b18                tud_suspended
 .text.tud_init
                0x10005b28       0xe4 CMakeFiles/comunicacao_serial.dir/C_/Users/paola/.pico-sdk/sdk/2.1.0/lib/tinyusb/src/device/usbd.c.obj
                0x10005b28                tud_init
 .text.tud_task_ext
                0x10005c0c      0x800 CMakeFiles/comunicacao_serial.dir/C_/Users/paola/.pico-sdk/sdk/2.1.0/lib/tinyusb/src/device/usbd.c.obj
                0x10005c0c                tud_task_ext
 .text.usbd_open_edpt_pair
                0x1000640c       0x9c CMakeFiles/comunicacao_serial.dir/C_/Users/paola/.pico-sdk/sdk/2.1.0/lib/tinyusb/src/device/usbd.c.obj
                0x1000640c                usbd_open_edpt_pair
 .text.usbd_edpt_open
                0x100064a8       0x34 CMakeFiles/comunicacao_serial.dir/C_/Users/paola/.pico-sdk/sdk/2.1.0/lib/tinyusb/src/device/usbd.c.obj
                0x100064a8                usbd_edpt_open
 .text.usbd_edpt_claim
                0x100064dc       0x28 CMakeFiles/comunicacao_serial.dir/C_/Users/paola/.pico-sdk/sdk/2.1.0/lib/tinyusb/src/device/usbd.c.obj
                0x100064dc                usbd_edpt_claim
 .text.usbd_edpt_release
                0x10006504       0x28 CMakeFiles/comunicacao_serial.dir/C_/Users/paola/.pico-sdk/sdk/2.1.0/lib/tinyusb/src/device/usbd.c.obj
                0x10006504                usbd_edpt_release
 .text.usbd_edpt_xfer
                0x1000652c       0x4c CMakeFiles/comunicacao_serial.dir/C_/Users/paola/.pico-sdk/sdk/2.1.0/lib/tinyusb/src/device/usbd.c.obj
                0x1000652c                usbd_edpt_xfer
 .text.tud_control_status
                0x10006578       0x2c CMakeFiles/comunicacao_serial.dir/C_/Users/paola/.pico-sdk/sdk/2.1.0/lib/tinyusb/src/device/usbd_control.c.obj
                0x10006578                tud_control_status
 .text.tud_control_xfer
                0x100065a4       0xac CMakeFiles/comunicacao_serial.dir/C_/Users/paola/.pico-sdk/sdk/2.1.0/lib/tinyusb/src/device/usbd_control.c.obj
                0x100065a4                tud_control_xfer
 .text.usbd_control_reset
                0x10006650       0x14 CMakeFiles/comunicacao_serial.dir/C_/Users/paola/.pico-sdk/sdk/2.1.0/lib/tinyusb/src/device/usbd_control.c.obj
                0x10006650                usbd_control_reset
 .text.usbd_control_set_complete_callback
                0x10006664        0xc CMakeFiles/comunicacao_serial.dir/C_/Users/paola/.pico-sdk/sdk/2.1.0/lib/tinyusb/src/device/usbd_control.c.obj
                0x10006664                usbd_control_set_complete_callback
 .text.usbd_control_set_request
                0x10006670       0x1c CMakeFiles/comunicacao_serial.dir/C_/Users/paola/.pico-sdk/sdk/2.1.0/lib/tinyusb/src/device/usbd_control.c.obj
                0x10006670                usbd_control_set_request
 .text.usbd_control_xfer_cb
                0x1000668c       0xec CMakeFiles/comunicacao_serial.dir/C_/Users/paola/.pico-sdk/sdk/2.1.0/lib/tinyusb/src/device/usbd_control.c.obj
                0x1000668c                usbd_control_xfer_cb
 .text._prep_out_transaction.isra.0
                0x10006778       0x5c CMakeFiles/comunicacao_serial.dir/C_/Users/paola/.pico-sdk/sdk/2.1.0/lib/tinyusb/src/class/cdc/cdc_device.c.obj
 .text.tud_cdc_n_connected
                0x100067d4       0x30 CMakeFiles/comunicacao_serial.dir/C_/Users/paola/.pico-sdk/sdk/2.1.0/lib/tinyusb/src/class/cdc/cdc_device.c.obj
                0x100067d4                tud_cdc_n_connected
 .text.tud_cdc_n_available
                0x10006804       0x18 CMakeFiles/comunicacao_serial.dir/C_/Users/paola/.pico-sdk/sdk/2.1.0/lib/tinyusb/src/class/cdc/cdc_device.c.obj
                0x10006804                tud_cdc_n_available
 .text.tud_cdc_n_read
                0x1000681c       0x98 CMakeFiles/comunicacao_serial.dir/C_/Users/paola/.pico-sdk/sdk/2.1.0/lib/tinyusb/src/class/cdc/cdc_device.c.obj
                0x1000681c                tud_cdc_n_read
 .text.tud_cdc_n_write_flush
                0x100068b4       0x78 CMakeFiles/comunicacao_serial.dir/C_/Users/paola/.pico-sdk/sdk/2.1.0/lib/tinyusb/src/class/cdc/cdc_device.c.obj
                0x100068b4                tud_cdc_n_write_flush
 .text.tud_cdc_n_write
                0x1000692c       0x40 CMakeFiles/comunicacao_serial.dir/C_/Users/paola/.pico-sdk/sdk/2.1.0/lib/tinyusb/src/class/cdc/cdc_device.c.obj
                0x1000692c                tud_cdc_n_write
 .text.tud_cdc_n_write_available
                0x1000696c       0x18 CMakeFiles/comunicacao_serial.dir/C_/Users/paola/.pico-sdk/sdk/2.1.0/lib/tinyusb/src/class/cdc/cdc_device.c.obj
                0x1000696c                tud_cdc_n_write_available
 .text.cdcd_init
                0x10006984       0x7c CMakeFiles/comunicacao_serial.dir/C_/Users/paola/.pico-sdk/sdk/2.1.0/lib/tinyusb/src/class/cdc/cdc_device.c.obj
                0x10006984                cdcd_init
 .text.cdcd_deinit
                0x10006a00       0x34 CMakeFiles/comunicacao_serial.dir/C_/Users/paola/.pico-sdk/sdk/2.1.0/lib/tinyusb/src/class/cdc/cdc_device.c.obj
                0x10006a00                cdcd_deinit
 .text.cdcd_reset
                0x10006a34       0x4c CMakeFiles/comunicacao_serial.dir/C_/Users/paola/.pico-sdk/sdk/2.1.0/lib/tinyusb/src/class/cdc/cdc_device.c.obj
                0x10006a34                cdcd_reset
 .text.cdcd_open
                0x10006a80       0xb0 CMakeFiles/comunicacao_serial.dir/C_/Users/paola/.pico-sdk/sdk/2.1.0/lib/tinyusb/src/class/cdc/cdc_device.c.obj
                0x10006a80                cdcd_open
 .text.cdcd_control_xfer_cb
                0x10006b30       0xe4 CMakeFiles/comunicacao_serial.dir/C_/Users/paola/.pico-sdk/sdk/2.1.0/lib/tinyusb/src/class/cdc/cdc_device.c.obj
                0x10006b30                cdcd_control_xfer_cb
 .text.cdcd_xfer_cb
                0x10006c14      0x100 CMakeFiles/comunicacao_serial.dir/C_/Users/paola/.pico-sdk/sdk/2.1.0/lib/tinyusb/src/class/cdc/cdc_device.c.obj
                0x10006c14                cdcd_xfer_cb
 .text.vendord_init
                0x10006d14       0x5c CMakeFiles/comunicacao_serial.dir/C_/Users/paola/.pico-sdk/sdk/2.1.0/lib/tinyusb/src/class/vendor/vendor_device.c.obj
                0x10006d14                vendord_init
 .text.vendord_deinit
                0x10006d70       0x1c CMakeFiles/comunicacao_serial.dir/C_/Users/paola/.pico-sdk/sdk/2.1.0/lib/tinyusb/src/class/vendor/vendor_device.c.obj
                0x10006d70                vendord_deinit
 .text.vendord_reset
                0x10006d8c       0x20 CMakeFiles/comunicacao_serial.dir/C_/Users/paola/.pico-sdk/sdk/2.1.0/lib/tinyusb/src/class/vendor/vendor_device.c.obj
                0x10006d8c                vendord_reset
 .text.vendord_open
                0x10006dac      0x138 CMakeFiles/comunicacao_serial.dir/C_/Users/paola/.pico-sdk/sdk/2.1.0/lib/tinyusb/src/class/vendor/vendor_device.c.obj
                0x10006dac                vendord_open
 .text.vendord_xfer_cb
                0x10006ee4       0x9c CMakeFiles/comunicacao_serial.dir/C_/Users/paola/.pico-sdk/sdk/2.1.0/lib/tinyusb/src/class/vendor/vendor_device.c.obj
                0x10006ee4                vendord_xfer_cb
 .text.tusb_init
                0x10006f80        0xc CMakeFiles/comunicacao_serial.dir/C_/Users/paola/.pico-sdk/sdk/2.1.0/lib/tinyusb/src/tusb.c.obj
                0x10006f80                tusb_init
 .text.tu_edpt_claim
                0x10006f8c       0x50 CMakeFiles/comunicacao_serial.dir/C_/Users/paola/.pico-sdk/sdk/2.1.0/lib/tinyusb/src/tusb.c.obj
                0x10006f8c                tu_edpt_claim
 .text.tu_edpt_release
                0x10006fdc       0x38 CMakeFiles/comunicacao_serial.dir/C_/Users/paola/.pico-sdk/sdk/2.1.0/lib/tinyusb/src/tusb.c.obj
                0x10006fdc                tu_edpt_release
 .text.tu_edpt_validate
                0x10007014       0x7c CMakeFiles/comunicacao_serial.dir/C_/Users/paola/.pico-sdk/sdk/2.1.0/lib/tinyusb/src/tusb.c.obj
                0x10007014                tu_edpt_validate
 .text.tu_edpt_bind_driver
                0x10007090       0x34 CMakeFiles/comunicacao_serial.dir/C_/Users/paola/.pico-sdk/sdk/2.1.0/lib/tinyusb/src/tusb.c.obj
                0x10007090                tu_edpt_bind_driver
 .text.tu_edpt_stream_init
                0x100070c4       0x6c CMakeFiles/comunicacao_serial.dir/C_/Users/paola/.pico-sdk/sdk/2.1.0/lib/tinyusb/src/tusb.c.obj
                0x100070c4                tu_edpt_stream_init
 .text.tu_edpt_stream_deinit
                0x10007130        0x4 CMakeFiles/comunicacao_serial.dir/C_/Users/paola/.pico-sdk/sdk/2.1.0/lib/tinyusb/src/tusb.c.obj
                0x10007130                tu_edpt_stream_deinit
 .text.tu_edpt_stream_write_zlp_if_needed
                0x10007134       0x68 CMakeFiles/comunicacao_serial.dir/C_/Users/paola/.pico-sdk/sdk/2.1.0/lib/tinyusb/src/tusb.c.obj
                0x10007134                tu_edpt_stream_write_zlp_if_needed
 .text.tu_edpt_stream_write_xfer
                0x1000719c       0x64 CMakeFiles/comunicacao_serial.dir/C_/Users/paola/.pico-sdk/sdk/2.1.0/lib/tinyusb/src/tusb.c.obj
                0x1000719c                tu_edpt_stream_write_xfer
 .text.tu_edpt_stream_read_xfer
                0x10007200       0xdc CMakeFiles/comunicacao_serial.dir/C_/Users/paola/.pico-sdk/sdk/2.1.0/lib/tinyusb/src/tusb.c.obj
                0x10007200                tu_edpt_stream_read_xfer
 .text.tu_fifo_config
                0x100072dc       0x6c CMakeFiles/comunicacao_serial.dir/C_/Users/paola/.pico-sdk/sdk/2.1.0/lib/tinyusb/src/common/tusb_fifo.c.obj
                0x100072dc                tu_fifo_config
 .text.tu_fifo_count
                0x10007348       0x2c CMakeFiles/comunicacao_serial.dir/C_/Users/paola/.pico-sdk/sdk/2.1.0/lib/tinyusb/src/common/tusb_fifo.c.obj
                0x10007348                tu_fifo_count
 .text.tu_fifo_empty
                0x10007374       0x10 CMakeFiles/comunicacao_serial.dir/C_/Users/paola/.pico-sdk/sdk/2.1.0/lib/tinyusb/src/common/tusb_fifo.c.obj
                0x10007374                tu_fifo_empty
 .text.tu_fifo_remaining
                0x10007384       0x2c CMakeFiles/comunicacao_serial.dir/C_/Users/paola/.pico-sdk/sdk/2.1.0/lib/tinyusb/src/common/tusb_fifo.c.obj
                0x10007384                tu_fifo_remaining
 .text.tu_fifo_read
                0x100073b0       0x9c CMakeFiles/comunicacao_serial.dir/C_/Users/paola/.pico-sdk/sdk/2.1.0/lib/tinyusb/src/common/tusb_fifo.c.obj
                0x100073b0                tu_fifo_read
 .text.tu_fifo_read_n
                0x1000744c       0xe8 CMakeFiles/comunicacao_serial.dir/C_/Users/paola/.pico-sdk/sdk/2.1.0/lib/tinyusb/src/common/tusb_fifo.c.obj
                0x1000744c                tu_fifo_read_n
 .text.tu_fifo_write
                0x10007534       0xa8 CMakeFiles/comunicacao_serial.dir/C_/Users/paola/.pico-sdk/sdk/2.1.0/lib/tinyusb/src/common/tusb_fifo.c.obj
                0x10007534                tu_fifo_write
 .text.tu_fifo_write_n
                0x100075dc      0x178 CMakeFiles/comunicacao_serial.dir/C_/Users/paola/.pico-sdk/sdk/2.1.0/lib/tinyusb/src/common/tusb_fifo.c.obj
                0x100075dc                tu_fifo_write_n
 .text.tu_fifo_clear
                0x10007754       0x40 CMakeFiles/comunicacao_serial.dir/C_/Users/paola/.pico-sdk/sdk/2.1.0/lib/tinyusb/src/common/tusb_fifo.c.obj
                0x10007754                tu_fifo_clear
 .text.tu_fifo_set_overwritable
                0x10007794       0x48 CMakeFiles/comunicacao_serial.dir/C_/Users/paola/.pico-sdk/sdk/2.1.0/lib/tinyusb/src/common/tusb_fifo.c.obj
                0x10007794                tu_fifo_set_overwritable
 .text.i2c_write_blocking_internal.constprop.0
                0x100077dc       0xd0 CMakeFiles/comunicacao_serial.dir/C_/Users/paola/.pico-sdk/sdk/2.1.0/src/rp2_common/hardware_i2c/i2c.c.obj
 .text.i2c_set_baudrate
                0x100078ac       0xc0 CMakeFiles/comunicacao_serial.dir/C_/Users/paola/.pico-sdk/sdk/2.1.0/src/rp2_common/hardware_i2c/i2c.c.obj
                0x100078ac                i2c_set_baudrate
 .text.i2c_init
                0x1000796c       0x50 CMakeFiles/comunicacao_serial.dir/C_/Users/paola/.pico-sdk/sdk/2.1.0/src/rp2_common/hardware_i2c/i2c.c.obj
                0x1000796c                i2c_init
 .text.i2c_write_blocking
                0x100079bc       0x14 CMakeFiles/comunicacao_serial.dir/C_/Users/paola/.pico-sdk/sdk/2.1.0/src/rp2_common/hardware_i2c/i2c.c.obj
                0x100079bc                i2c_write_blocking
 .text.pio_add_program
                0x100079d0      0x104 CMakeFiles/comunicacao_serial.dir/C_/Users/paola/.pico-sdk/sdk/2.1.0/src/rp2_common/hardware_pio/pio.c.obj
                0x100079d0                pio_add_program
 .text.pio_sm_set_consecutive_pindirs
                0x10007ad4       0xb4 CMakeFiles/comunicacao_serial.dir/C_/Users/paola/.pico-sdk/sdk/2.1.0/src/rp2_common/hardware_pio/pio.c.obj
                0x10007ad4                pio_sm_set_consecutive_pindirs
 .text.pio_sm_init
                0x10007b88       0x9c CMakeFiles/comunicacao_serial.dir/C_/Users/paola/.pico-sdk/sdk/2.1.0/src/rp2_common/hardware_pio/pio.c.obj
                0x10007b88                pio_sm_init
 .text.calloc   0x10007c24       0x18 C:/Users/paola/.pico-sdk/toolchain/13_3_Rel1/bin/../lib/gcc/arm-none-eabi/13.3.1/thumb/v6-m/nofp\libg.a(libc_a-calloc.o)
                0x10007c24                calloc
 .text._calloc_r
                0x10007c3c       0xa8 C:/Users/paola/.pico-sdk/toolchain/13_3_Rel1/bin/../lib/gcc/arm-none-eabi/13.3.1/thumb/v6-m/nofp\libg.a(libc_a-callocr.o)
                0x10007c3c                _calloc_r
 .text._malloc_r
                0x10007ce4      0x5c4 C:/Users/paola/.pico-sdk/toolchain/13_3_Rel1/bin/../lib/gcc/arm-none-eabi/13.3.1/thumb/v6-m/nofp\libg.a(libc_a-mallocr.o)
                0x10007ce4                _malloc_r
 .text.__malloc_lock
                0x100082a8       0x10 C:/Users/paola/.pico-sdk/toolchain/13_3_Rel1/bin/../lib/gcc/arm-none-eabi/13.3.1/thumb/v6-m/nofp\libg.a(libc_a-mlock.o)
                0x100082a8                __malloc_lock
 .text.__malloc_unlock
                0x100082b8       0x10 C:/Users/paola/.pico-sdk/toolchain/13_3_Rel1/bin/../lib/gcc/arm-none-eabi/13.3.1/thumb/v6-m/nofp\libg.a(libc_a-mlock.o)
                0x100082b8                __malloc_unlock
 .text._sbrk_r  0x100082c8       0x24 C:/Users/paola/.pico-sdk/toolchain/13_3_Rel1/bin/../lib/gcc/arm-none-eabi/13.3.1/thumb/v6-m/nofp\libg.a(libc_a-sbrkr.o)
                0x100082c8                _sbrk_r
 .text.__errno  0x100082ec        0xc C:/Users/paola/.pico-sdk/toolchain/13_3_Rel1/bin/../lib/gcc/arm-none-eabi/13.3.1/thumb/v6-m/nofp\libg.a(libc_a-errno.o)
                0x100082ec                __errno
 .text.__retarget_lock_acquire_recursive
                0x100082f8        0x4 C:/Users/paola/.pico-sdk/toolchain/13_3_Rel1/bin/../lib/gcc/arm-none-eabi/13.3.1/thumb/v6-m/nofp\libg.a(libc_a-lock.o)
                0x100082f8                __retarget_lock_acquire_recursive
 .text.__retarget_lock_release_recursive
                0x100082fc        0x4 C:/Users/paola/.pico-sdk/toolchain/13_3_Rel1/bin/../lib/gcc/arm-none-eabi/13.3.1/thumb/v6-m/nofp\libg.a(libc_a-lock.o)
                0x100082fc                __retarget_lock_release_recursive
 .text.sysconf  0x10008300       0x1c C:/Users/paola/.pico-sdk/toolchain/13_3_Rel1/bin/../lib/gcc/arm-none-eabi/13.3.1/thumb/v6-m/nofp\libg.a(libc_a-sysconf.o)
                0x10008300                sysconf
 .text.strlen   0x1000831c       0x5c C:/Users/paola/.pico-sdk/toolchain/13_3_Rel1/bin/../lib/gcc/arm-none-eabi/13.3.1/thumb/v6-m/nofp\libg.a(libc_a-strlen-stub.o)
                0x1000831c                strlen
 .text._malloc_trim_r
                0x10008378       0xb4 C:/Users/paola/.pico-sdk/toolchain/13_3_Rel1/bin/../lib/gcc/arm-none-eabi/13.3.1/thumb/v6-m/nofp\libg.a(libc_a-freer.o)
                0x10008378                _malloc_trim_r
 .text._free_r  0x1000842c      0x1d4 C:/Users/paola/.pico-sdk/toolchain/13_3_Rel1/bin/../lib/gcc/arm-none-eabi/13.3.1/thumb/v6-m/nofp\libg.a(libc_a-freer.o)
                0x1000842c                _free_r
 *(.fini)
 .fini          0x10008600        0x4 C:/Users/paola/.pico-sdk/toolchain/13_3_Rel1/bin/../lib/gcc/arm-none-eabi/13.3.1/thumb/v6-m/nofp/crti.o
                0x10008600                _fini
 *fill*         0x10008604        0x4 
 .fini.__stub   0x10008608       0xc0 linker stubs
 *crtbegin.o(.ctors)
 *crtbegin?.o(.ctors)
 *(EXCLUDE_FILE(*crtend.o *crtend?.o) .ctors)
 *(SORT_BY_NAME(.ctors.*))
 *(.ctors)
 *crtbegin.o(.dtors)
 *crtbegin?.o(.dtors)
 *(EXCLUDE_FILE(*crtend.o *crtend?.o) .dtors)
 *(SORT_BY_NAME(.dtors.*))
 *(.dtors)
                0x100086c8                        . = ALIGN (0x4)
                0x100086c8                        PROVIDE (__preinit_array_start = .)
 *(SORT_BY_NAME(.preinit_array.*))
 .preinit_array.00100
                0x100086c8        0x4 CMakeFiles/comunicacao_serial.dir/C_/Users/paola/.pico-sdk/sdk/2.1.0/src/rp2_common/pico_runtime_init/runtime_init.c.obj
                0x100086c8                __pre_init_runtime_init_early_resets
 .preinit_array.00101
                0x100086cc        0x4 CMakeFiles/comunicacao_serial.dir/C_/Users/paola/.pico-sdk/sdk/2.1.0/src/rp2_common/pico_runtime_init/runtime_init.c.obj
                0x100086cc                __pre_init_runtime_init_usb_power_down
 .preinit_array.00275
                0x100086d0        0x4 CMakeFiles/comunicacao_serial.dir/C_/Users/paola/.pico-sdk/sdk/2.1.0/src/rp2_common/pico_bit_ops/bit_ops_aeabi.S.obj
 .preinit_array.00300
                0x100086d4        0x4 CMakeFiles/comunicacao_serial.dir/C_/Users/paola/.pico-sdk/sdk/2.1.0/src/rp2_common/pico_mem_ops/mem_ops_aeabi.S.obj
 .preinit_array.00350
                0x100086d8        0x4 CMakeFiles/comunicacao_serial.dir/C_/Users/paola/.pico-sdk/sdk/2.1.0/src/rp2_common/pico_double/double_aeabi_rp2040.S.obj
 .preinit_array.00350
                0x100086dc        0x4 CMakeFiles/comunicacao_serial.dir/C_/Users/paola/.pico-sdk/sdk/2.1.0/src/rp2_common/pico_float/float_aeabi_rp2040.S.obj
 .preinit_array.00500
                0x100086e0        0x4 CMakeFiles/comunicacao_serial.dir/C_/Users/paola/.pico-sdk/sdk/2.1.0/src/rp2_common/pico_runtime_init/runtime_init.c.obj
                0x100086e0                __pre_init_runtime_init_clocks
 .preinit_array.00600
                0x100086e4        0x4 CMakeFiles/comunicacao_serial.dir/C_/Users/paola/.pico-sdk/sdk/2.1.0/src/rp2_common/pico_runtime_init/runtime_init.c.obj
                0x100086e4                __pre_init_runtime_init_post_clock_resets
 .preinit_array.00700
                0x100086e8        0x4 CMakeFiles/comunicacao_serial.dir/C_/Users/paola/.pico-sdk/sdk/2.1.0/src/rp2_common/pico_runtime_init/runtime_init.c.obj
                0x100086e8                __pre_init_runtime_init_rp2040_gpio_ie_disable
 .preinit_array.01000
                0x100086ec        0x4 CMakeFiles/comunicacao_serial.dir/C_/Users/paola/.pico-sdk/sdk/2.1.0/src/rp2_common/pico_runtime_init/runtime_init.c.obj
                0x100086ec                __pre_init_runtime_init_spin_locks_reset
 .preinit_array.01100
                0x100086f0        0x4 CMakeFiles/comunicacao_serial.dir/C_/Users/paola/.pico-sdk/sdk/2.1.0/src/common/pico_sync/mutex.c.obj
                0x100086f0                __pre_init_runtime_init_mutex
 .preinit_array.10080
                0x100086f4        0x4 CMakeFiles/comunicacao_serial.dir/C_/Users/paola/.pico-sdk/sdk/2.1.0/src/rp2_common/pico_runtime_init/runtime_init.c.obj
                0x100086f4                __pre_init_runtime_init_install_ram_vector_table
 .preinit_array.11000
                0x100086f8        0x4 CMakeFiles/comunicacao_serial.dir/C_/Users/paola/.pico-sdk/sdk/2.1.0/src/common/pico_time/time.c.obj
                0x100086f8                __pre_init_runtime_init_default_alarm_pool
 .preinit_array.YYYYY
                0x100086fc        0x4 CMakeFiles/comunicacao_serial.dir/C_/Users/paola/.pico-sdk/sdk/2.1.0/src/rp2_common/pico_runtime/runtime.c.obj
                0x100086fc                __pre_init_first_per_core_initializer
 .preinit_array.ZZZZZ.01200
                0x10008700        0x4 CMakeFiles/comunicacao_serial.dir/C_/Users/paola/.pico-sdk/sdk/2.1.0/src/rp2_common/hardware_irq/irq.c.obj
                0x10008700                __pre_init_runtime_init_per_core_irq_priorities
 *(.preinit_array)
                0x10008704                        PROVIDE (__preinit_array_end = .)
                0x10008704                        . = ALIGN (0x4)
                0x10008704                        PROVIDE (__init_array_start = .)
 *(SORT_BY_NAME(.init_array.*))
 *(.init_array)
 .init_array    0x10008704        0x4 C:/Users/paola/.pico-sdk/toolchain/13_3_Rel1/bin/../lib/gcc/arm-none-eabi/13.3.1/thumb/v6-m/nofp/crtbegin.o
 .init_array    0x10008708        0x4 CMakeFiles/comunicacao_serial.dir/C_/Users/paola/.pico-sdk/sdk/2.1.0/src/rp2_common/pico_unique_id/unique_id.c.obj
                0x1000870c                        PROVIDE (__init_array_end = .)
                0x1000870c                        . = ALIGN (0x4)
                [!provide]                        PROVIDE (__fini_array_start = .)
 *(SORT_BY_NAME(.fini_array.*))
 *(.fini_array)
                [!provide]                        PROVIDE (__fini_array_end = .)
 *(.eh_frame*)
 .eh_frame      0x1000870c        0x0 C:/Users/paola/.pico-sdk/toolchain/13_3_Rel1/bin/../lib/gcc/arm-none-eabi/13.3.1/thumb/v6-m/nofp/crtbegin.o
                0x1000870c                        . = ALIGN (0x4)

.glue_7         0x1000870c        0x0
 .glue_7        0x1000870c        0x0 linker stubs

.glue_7t        0x1000870c        0x0
 .glue_7t       0x1000870c        0x0 linker stubs

.vfp11_veneer   0x1000870c        0x0
 .vfp11_veneer  0x1000870c        0x0 linker stubs

.v4_bx          0x1000870c        0x0
 .v4_bx         0x1000870c        0x0 linker stubs

.iplt           0x1000870c        0x0
 .iplt          0x1000870c        0x0 C:/Users/paola/.pico-sdk/toolchain/13_3_Rel1/bin/../lib/gcc/arm-none-eabi/13.3.1/thumb/v6-m/nofp/crtbegin.o

.rodata         0x10008710      0x8d4
 *(EXCLUDE_FILE(*libm.a: *libc.a:*lib_a-mem*.o *libgcc.a:) .rodata*)
 .rodata.gpio_callback.str1.4
                0x10008710      0x21c CMakeFiles/comunicacao_serial.dir/comunicacao_serial.c.obj
                                 0x5f (size before relaxing)
 .rodata.main.str1.4
                0x1000892c       0x18 CMakeFiles/comunicacao_serial.dir/comunicacao_serial.c.obj
 .rodata.ws2812_program
                0x1000892c        0x8 CMakeFiles/comunicacao_serial.dir/comunicacao_serial.c.obj
 .rodata.ws2812_program_instructions
                0x10008934        0x8 CMakeFiles/comunicacao_serial.dir/comunicacao_serial.c.obj
 .rodata.font   0x1000893c      0x1f8 CMakeFiles/comunicacao_serial.dir/inc/ssd1306.c.obj
 .rodata.panic.str1.4
                0x10008b34       0x12 CMakeFiles/comunicacao_serial.dir/C_/Users/paola/.pico-sdk/sdk/2.1.0/src/rp2_common/pico_platform_panic/panic.c.obj
 .rodata.spin_lock_claim_unused.str1.4
                0x10008b34       0x1b CMakeFiles/comunicacao_serial.dir/C_/Users/paola/.pico-sdk/sdk/2.1.0/src/rp2_common/hardware_sync/sync.c.obj
 .rodata.user_irq_claim_unused.str1.4
                0x10008b34       0x1b CMakeFiles/comunicacao_serial.dir/C_/Users/paola/.pico-sdk/sdk/2.1.0/src/rp2_common/hardware_irq/irq.c.obj
 .rodata.timer_hardware_alarm_claim.str1.4
                0x10008b34       0x22 CMakeFiles/comunicacao_serial.dir/C_/Users/paola/.pico-sdk/sdk/2.1.0/src/rp2_common/hardware_timer/timer.c.obj
 .rodata.hard_assertion_failure.str1.4
                0x10008b34        0xc CMakeFiles/comunicacao_serial.dir/C_/Users/paola/.pico-sdk/sdk/2.1.0/src/rp2_common/pico_runtime/runtime.c.obj
 .rodata.missing_double_func_shim.str1.4
                0x10008b34       0x18 CMakeFiles/comunicacao_serial.dir/C_/Users/paola/.pico-sdk/sdk/2.1.0/src/rp2_common/pico_double/double_init_rom_rp2040.c.obj
 .rodata.missing_float_func_shim.str1.4
                0x10008b34        0x1 CMakeFiles/comunicacao_serial.dir/C_/Users/paola/.pico-sdk/sdk/2.1.0/src/rp2_common/pico_float/float_init_rom_rp2040.c.obj
 .rodata.__wrap_malloc.str1.4
                0x10008b34        0xe CMakeFiles/comunicacao_serial.dir/C_/Users/paola/.pico-sdk/sdk/2.1.0/src/rp2_common/pico_malloc/malloc.c.obj
 .rodata.str1.4
                0x10008b34       0x4c CMakeFiles/comunicacao_serial.dir/C_/Users/paola/.pico-sdk/sdk/2.1.0/src/rp2_common/pico_standard_binary_info/standard_binary_info.c.obj
 .rodata.__bi_84
                0x10008b34        0xc CMakeFiles/comunicacao_serial.dir/C_/Users/paola/.pico-sdk/sdk/2.1.0/src/rp2_common/pico_standard_binary_info/standard_binary_info.c.obj
 .rodata.__bi_78
                0x10008b40        0xc CMakeFiles/comunicacao_serial.dir/C_/Users/paola/.pico-sdk/sdk/2.1.0/src/rp2_common/pico_standard_binary_info/standard_binary_info.c.obj
 .rodata.__bi_60
                0x10008b4c        0xc CMakeFiles/comunicacao_serial.dir/C_/Users/paola/.pico-sdk/sdk/2.1.0/src/rp2_common/pico_standard_binary_info/standard_binary_info.c.obj
 .rodata.__bi_54
                0x10008b58        0xc CMakeFiles/comunicacao_serial.dir/C_/Users/paola/.pico-sdk/sdk/2.1.0/src/rp2_common/pico_standard_binary_info/standard_binary_info.c.obj
 .rodata.__bi_48
                0x10008b64        0xc CMakeFiles/comunicacao_serial.dir/C_/Users/paola/.pico-sdk/sdk/2.1.0/src/rp2_common/pico_standard_binary_info/standard_binary_info.c.obj
 .rodata.__bi_42
                0x10008b70        0xc CMakeFiles/comunicacao_serial.dir/C_/Users/paola/.pico-sdk/sdk/2.1.0/src/rp2_common/pico_standard_binary_info/standard_binary_info.c.obj
 .rodata.__bi_34
                0x10008b7c        0xc CMakeFiles/comunicacao_serial.dir/C_/Users/paola/.pico-sdk/sdk/2.1.0/src/rp2_common/pico_standard_binary_info/standard_binary_info.c.obj
 .rodata.__bi_26
                0x10008b88        0xc CMakeFiles/comunicacao_serial.dir/C_/Users/paola/.pico-sdk/sdk/2.1.0/src/rp2_common/pico_standard_binary_info/standard_binary_info.c.obj
 .rodata._ftoa.str1.4
                0x10008b94       0x15 CMakeFiles/comunicacao_serial.dir/C_/Users/paola/.pico-sdk/sdk/2.1.0/src/rp2_common/pico_printf/printf.c.obj
 .rodata._vsnprintf
                0x10008b94      0x19c CMakeFiles/comunicacao_serial.dir/C_/Users/paola/.pico-sdk/sdk/2.1.0/src/rp2_common/pico_printf/printf.c.obj
 .rodata.pow10.0
                0x10008d30       0x50 CMakeFiles/comunicacao_serial.dir/C_/Users/paola/.pico-sdk/sdk/2.1.0/src/rp2_common/pico_printf/printf.c.obj
 .rodata.crlf_str.0
                0x10008d80        0x2 CMakeFiles/comunicacao_serial.dir/C_/Users/paola/.pico-sdk/sdk/2.1.0/src/rp2_common/pico_stdio/stdio.c.obj
 *fill*         0x10008d82        0x2 
 .rodata._resetd_driver
                0x10008d84       0x20 CMakeFiles/comunicacao_serial.dir/C_/Users/paola/.pico-sdk/sdk/2.1.0/src/rp2_common/pico_stdio_usb/reset_interface.c.obj
 .rodata.desc_ms_os_20
                0x10008da4       0xa6 CMakeFiles/comunicacao_serial.dir/C_/Users/paola/.pico-sdk/sdk/2.1.0/src/rp2_common/pico_stdio_usb/reset_interface.c.obj
 *fill*         0x10008e4a        0x2 
 .rodata.desc_bos
                0x10008e4c       0x21 CMakeFiles/comunicacao_serial.dir/C_/Users/paola/.pico-sdk/sdk/2.1.0/src/rp2_common/pico_stdio_usb/reset_interface.c.obj
                0x10008e4c                desc_bos
 .rodata.str1.4
                0x10008e6d       0x13 CMakeFiles/comunicacao_serial.dir/C_/Users/paola/.pico-sdk/sdk/2.1.0/src/rp2_common/pico_stdio_usb/stdio_usb.c.obj
 *fill*         0x10008e6d        0x3 
 .rodata.__bi_197.0
                0x10008e70        0xc CMakeFiles/comunicacao_serial.dir/C_/Users/paola/.pico-sdk/sdk/2.1.0/src/rp2_common/pico_stdio_usb/stdio_usb.c.obj
 .rodata.str1.4
                0x10008e7c       0x2a CMakeFiles/comunicacao_serial.dir/C_/Users/paola/.pico-sdk/sdk/2.1.0/src/rp2_common/pico_stdio_usb/stdio_usb_descriptors.c.obj
 .rodata.usbd_desc_str
                0x10008e7c       0x18 CMakeFiles/comunicacao_serial.dir/C_/Users/paola/.pico-sdk/sdk/2.1.0/src/rp2_common/pico_stdio_usb/stdio_usb_descriptors.c.obj
 .rodata.usbd_desc_cfg
                0x10008e94       0x54 CMakeFiles/comunicacao_serial.dir/C_/Users/paola/.pico-sdk/sdk/2.1.0/src/rp2_common/pico_stdio_usb/stdio_usb_descriptors.c.obj
 .rodata.usbd_desc_device
                0x10008ee8       0x12 CMakeFiles/comunicacao_serial.dir/C_/Users/paola/.pico-sdk/sdk/2.1.0/src/rp2_common/pico_stdio_usb/stdio_usb_descriptors.c.obj
 .rodata.str1.4
                0x10008efa       0x14 CMakeFiles/comunicacao_serial.dir/C_/Users/paola/.pico-sdk/sdk/2.1.0/lib/tinyusb/src/portable/raspberrypi/rp2040/dcd_rp2040.c.obj
 .rodata.str1.4
                0x10008efa       0x48 CMakeFiles/comunicacao_serial.dir/C_/Users/paola/.pico-sdk/sdk/2.1.0/lib/tinyusb/src/portable/raspberrypi/rp2040/rp2040_usb.c.obj
 *fill*         0x10008efa        0x2 
 .rodata.tud_task_ext
                0x10008efc       0x8c CMakeFiles/comunicacao_serial.dir/C_/Users/paola/.pico-sdk/sdk/2.1.0/lib/tinyusb/src/device/usbd.c.obj
 .rodata        0x10008f88       0x1c CMakeFiles/comunicacao_serial.dir/C_/Users/paola/.pico-sdk/sdk/2.1.0/lib/tinyusb/src/device/usbd.c.obj
 .rodata._usbd_driver
                0x10008fa4       0x40 CMakeFiles/comunicacao_serial.dir/C_/Users/paola/.pico-sdk/sdk/2.1.0/lib/tinyusb/src/device/usbd.c.obj
                0x10008fe4                        . = ALIGN (0x4)
 *(SORT_BY_ALIGNMENT(SORT_BY_NAME(.flashdata*)))
                0x10008fe4                        . = ALIGN (0x4)

.ARM.extab
 *(.ARM.extab* .gnu.linkonce.armextab.*)
                0x10008fe4                        __exidx_start = .

.ARM.exidx
 *(.ARM.exidx* .gnu.linkonce.armexidx.*)
                0x10008fe4                        __exidx_end = .
                0x10008fe4                        . = ALIGN (0x4)
                0x10008fe4                        __binary_info_start = .

.binary_info    0x10008fe4       0x24
 *(.binary_info.keep.*)
 .binary_info.keep.__bi_ptr84
                0x10008fe4        0x4 CMakeFiles/comunicacao_serial.dir/C_/Users/paola/.pico-sdk/sdk/2.1.0/src/rp2_common/pico_standard_binary_info/standard_binary_info.c.obj
 .binary_info.keep.__bi_ptr78
                0x10008fe8        0x4 CMakeFiles/comunicacao_serial.dir/C_/Users/paola/.pico-sdk/sdk/2.1.0/src/rp2_common/pico_standard_binary_info/standard_binary_info.c.obj
 .binary_info.keep.__bi_ptr60
                0x10008fec        0x4 CMakeFiles/comunicacao_serial.dir/C_/Users/paola/.pico-sdk/sdk/2.1.0/src/rp2_common/pico_standard_binary_info/standard_binary_info.c.obj
 .binary_info.keep.__bi_ptr54
                0x10008ff0        0x4 CMakeFiles/comunicacao_serial.dir/C_/Users/paola/.pico-sdk/sdk/2.1.0/src/rp2_common/pico_standard_binary_info/standard_binary_info.c.obj
 .binary_info.keep.__bi_ptr48
                0x10008ff4        0x4 CMakeFiles/comunicacao_serial.dir/C_/Users/paola/.pico-sdk/sdk/2.1.0/src/rp2_common/pico_standard_binary_info/standard_binary_info.c.obj
 .binary_info.keep.__bi_ptr42
                0x10008ff8        0x4 CMakeFiles/comunicacao_serial.dir/C_/Users/paola/.pico-sdk/sdk/2.1.0/src/rp2_common/pico_standard_binary_info/standard_binary_info.c.obj
 .binary_info.keep.__bi_ptr34
                0x10008ffc        0x4 CMakeFiles/comunicacao_serial.dir/C_/Users/paola/.pico-sdk/sdk/2.1.0/src/rp2_common/pico_standard_binary_info/standard_binary_info.c.obj
 .binary_info.keep.__bi_ptr26
                0x10009000        0x4 CMakeFiles/comunicacao_serial.dir/C_/Users/paola/.pico-sdk/sdk/2.1.0/src/rp2_common/pico_standard_binary_info/standard_binary_info.c.obj
 *(.binary_info.*)
 .binary_info.__bi_ptr197
                0x10009004        0x4 CMakeFiles/comunicacao_serial.dir/C_/Users/paola/.pico-sdk/sdk/2.1.0/src/rp2_common/pico_stdio_usb/stdio_usb.c.obj
                0x10009008                        __binary_info_end = .

.rel.dyn        0x10009008        0x0
 .rel.iplt      0x10009008        0x0 C:/Users/paola/.pico-sdk/toolchain/13_3_Rel1/bin/../lib/gcc/arm-none-eabi/13.3.1/thumb/v6-m/nofp/crtbegin.o
                0x10009008                        . = ALIGN (0x4)

.ram_vector_table
                0x20000000       0xc0
 *(.ram_vector_table)
 .ram_vector_table
                0x20000000       0xc0 CMakeFiles/comunicacao_serial.dir/C_/Users/paola/.pico-sdk/sdk/2.1.0/src/rp2_common/pico_runtime_init/runtime_init.c.obj
                0x20000000                ram_vector_table

.uninitialized_data
                0x200000c0        0x0
                0x200000c0                        . = ALIGN (0x4)
 *(.uninitialized_data*)

.data           0x200000c0     0x1608 load address 0x10009008
                0x200000c0                        __data_start__ = .
 *(vtable)
 *(.time_critical*)
 .time_critical.mutex_try_enter
                0x200000c0       0x40 CMakeFiles/comunicacao_serial.dir/C_/Users/paola/.pico-sdk/sdk/2.1.0/src/common/pico_sync/mutex.c.obj
                0x200000c0                mutex_try_enter
 .time_critical.mutex_try_enter_block_until
                0x20000100       0x9c CMakeFiles/comunicacao_serial.dir/C_/Users/paola/.pico-sdk/sdk/2.1.0/src/common/pico_sync/mutex.c.obj
                0x20000100                mutex_try_enter_block_until
 .time_critical.mutex_enter_timeout_ms
                0x2000019c       0x90 CMakeFiles/comunicacao_serial.dir/C_/Users/paola/.pico-sdk/sdk/2.1.0/src/common/pico_sync/mutex.c.obj
                0x2000019c                mutex_enter_timeout_ms
 .time_critical.mutex_exit
                0x2000022c       0x28 CMakeFiles/comunicacao_serial.dir/C_/Users/paola/.pico-sdk/sdk/2.1.0/src/common/pico_sync/mutex.c.obj
                0x2000022c                mutex_exit
 .time_critical.flash_init_boot2_copyout
                0x20000254       0x30 CMakeFiles/comunicacao_serial.dir/C_/Users/paola/.pico-sdk/sdk/2.1.0/src/rp2_common/hardware_flash/flash.c.obj
 .time_critical.flash_enable_xip_via_boot2
                0x20000284        0xc CMakeFiles/comunicacao_serial.dir/C_/Users/paola/.pico-sdk/sdk/2.1.0/src/rp2_common/hardware_flash/flash.c.obj
 .time_critical.flash_cs_force
                0x20000290       0x38 CMakeFiles/comunicacao_serial.dir/C_/Users/paola/.pico-sdk/sdk/2.1.0/src/rp2_common/hardware_flash/flash.c.obj
 .time_critical.flash_do_cmd
                0x200002c8       0xc0 CMakeFiles/comunicacao_serial.dir/C_/Users/paola/.pico-sdk/sdk/2.1.0/src/rp2_common/hardware_flash/flash.c.obj
                0x200002c8                flash_do_cmd
 .time_critical.reset_non_control_endpoints
                0x20000388       0x68 CMakeFiles/comunicacao_serial.dir/C_/Users/paola/.pico-sdk/sdk/2.1.0/lib/tinyusb/src/portable/raspberrypi/rp2040/dcd_rp2040.c.obj
 .time_critical.hw_handle_buff_status
                0x200003f0       0xb0 CMakeFiles/comunicacao_serial.dir/C_/Users/paola/.pico-sdk/sdk/2.1.0/lib/tinyusb/src/portable/raspberrypi/rp2040/dcd_rp2040.c.obj
 .time_critical.dcd_rp2040_irq
                0x200004a0      0x578 CMakeFiles/comunicacao_serial.dir/C_/Users/paola/.pico-sdk/sdk/2.1.0/lib/tinyusb/src/portable/raspberrypi/rp2040/dcd_rp2040.c.obj
 .time_critical.prepare_ep_buffer
                0x20000a18       0xe0 CMakeFiles/comunicacao_serial.dir/C_/Users/paola/.pico-sdk/sdk/2.1.0/lib/tinyusb/src/portable/raspberrypi/rp2040/rp2040_usb.c.obj
 .time_critical.sync_ep_buffer
                0x20000af8       0xa8 CMakeFiles/comunicacao_serial.dir/C_/Users/paola/.pico-sdk/sdk/2.1.0/lib/tinyusb/src/portable/raspberrypi/rp2040/rp2040_usb.c.obj
 .time_critical._hw_endpoint_xfer_sync
                0x20000ba0       0x28 CMakeFiles/comunicacao_serial.dir/C_/Users/paola/.pico-sdk/sdk/2.1.0/lib/tinyusb/src/portable/raspberrypi/rp2040/rp2040_usb.c.obj
 .time_critical.e15_is_bulkin_ep
                0x20000bc8       0x28 CMakeFiles/comunicacao_serial.dir/C_/Users/paola/.pico-sdk/sdk/2.1.0/lib/tinyusb/src/portable/raspberrypi/rp2040/rp2040_usb.c.obj
 .time_critical.e15_is_critical_frame_period
                0x20000bf0       0x34 CMakeFiles/comunicacao_serial.dir/C_/Users/paola/.pico-sdk/sdk/2.1.0/lib/tinyusb/src/portable/raspberrypi/rp2040/rp2040_usb.c.obj
 .time_critical.hw_endpoint_reset_transfer
                0x20000c24        0xc CMakeFiles/comunicacao_serial.dir/C_/Users/paola/.pico-sdk/sdk/2.1.0/lib/tinyusb/src/portable/raspberrypi/rp2040/rp2040_usb.c.obj
                0x20000c24                hw_endpoint_reset_transfer
 .time_critical._hw_endpoint_buffer_control_update32
                0x20000c30       0x50 CMakeFiles/comunicacao_serial.dir/C_/Users/paola/.pico-sdk/sdk/2.1.0/lib/tinyusb/src/portable/raspberrypi/rp2040/rp2040_usb.c.obj
                0x20000c30                _hw_endpoint_buffer_control_update32
 .time_critical.hw_endpoint_start_next_buffer
                0x20000c80       0x6c CMakeFiles/comunicacao_serial.dir/C_/Users/paola/.pico-sdk/sdk/2.1.0/lib/tinyusb/src/portable/raspberrypi/rp2040/rp2040_usb.c.obj
                0x20000c80                hw_endpoint_start_next_buffer
 .time_critical.hw_endpoint_xfer_continue
                0x20000cec       0x40 CMakeFiles/comunicacao_serial.dir/C_/Users/paola/.pico-sdk/sdk/2.1.0/lib/tinyusb/src/portable/raspberrypi/rp2040/rp2040_usb.c.obj
                0x20000cec                hw_endpoint_xfer_continue
 .time_critical.tinyusb
                0x20000d2c      0x1e4 CMakeFiles/comunicacao_serial.dir/C_/Users/paola/.pico-sdk/sdk/2.1.0/lib/tinyusb/src/device/usbd.c.obj
                0x20000d2c                dcd_event_handler
 *(.text*)
 .text          0x20000f10        0x4 C:/Users/paola/.pico-sdk/toolchain/13_3_Rel1/bin/../lib/gcc/arm-none-eabi/13.3.1/thumb/v6-m/nofp\libgcc.a(_dvmd_tls.o)
                0x20000f10                __aeabi_idiv0
                0x20000f10                __aeabi_ldiv0
 *fill*         0x20000f14        0x4 
 .text.__stub   0x20000f18       0x80 linker stubs
                0x20000f98                        . = ALIGN (0x4)
 *(.rodata*)
                0x20000f98                        . = ALIGN (0x4)
 *(.data*)
 .data.numeros  0x20000f98       0xfa CMakeFiles/comunicacao_serial.dir/comunicacao_serial.c.obj
                0x20000f98                numeros
 .data.striped_spin_lock_num
                0x20001092        0x1 CMakeFiles/comunicacao_serial.dir/C_/Users/paola/.pico-sdk/sdk/2.1.0/src/rp2_common/hardware_sync/sync.c.obj
 *fill*         0x20001093        0x1 
 .data          0x20001094       0x48 CMakeFiles/comunicacao_serial.dir/C_/Users/paola/.pico-sdk/sdk/2.1.0/src/rp2_common/hardware_irq/irq_handler_chain.S.obj
                0x20001094                irq_handler_chain_slots
                0x200010c4                irq_handler_chain_first_slot
                0x200010ce                irq_handler_chain_remove_tail
 .data.default_alarm_pool
                0x200010dc       0x18 CMakeFiles/comunicacao_serial.dir/C_/Users/paola/.pico-sdk/sdk/2.1.0/src/common/pico_time/time.c.obj
 *fill*         0x200010f4        0xc 
 .data.aeabi_bits_funcs
                0x20001100       0x10 CMakeFiles/comunicacao_serial.dir/C_/Users/paola/.pico-sdk/sdk/2.1.0/src/rp2_common/pico_bit_ops/bit_ops_aeabi.S.obj
                0x20001100                aeabi_bits_funcs
                0x20001110                aeabi_bits_funcs_end
 .data.aeabi_mem_funcs
                0x20001110       0x10 CMakeFiles/comunicacao_serial.dir/C_/Users/paola/.pico-sdk/sdk/2.1.0/src/rp2_common/pico_mem_ops/mem_ops_aeabi.S.obj
                0x20001110                aeabi_mem_funcs
                0x20001120                aeabi_mem_funcs_end
 .data.stdio_usb
                0x20001120       0x18 CMakeFiles/comunicacao_serial.dir/C_/Users/paola/.pico-sdk/sdk/2.1.0/src/rp2_common/pico_stdio_usb/stdio_usb.c.obj
                0x20001120                stdio_usb
 .data._usbd_qdef
                0x20001138       0x1c CMakeFiles/comunicacao_serial.dir/C_/Users/paola/.pico-sdk/sdk/2.1.0/lib/tinyusb/src/device/usbd.c.obj
                0x20001138                _usbd_qdef
 .data._usbd_rhport
                0x20001154        0x1 CMakeFiles/comunicacao_serial.dir/C_/Users/paola/.pico-sdk/sdk/2.1.0/lib/tinyusb/src/device/usbd.c.obj
 *fill*         0x20001155        0x3 
 .data.i2c1_inst
                0x20001158        0x8 CMakeFiles/comunicacao_serial.dir/C_/Users/paola/.pico-sdk/sdk/2.1.0/src/rp2_common/hardware_i2c/i2c.c.obj
                0x20001158                i2c1_inst
 .data.i2c0_inst
                0x20001160        0x8 CMakeFiles/comunicacao_serial.dir/C_/Users/paola/.pico-sdk/sdk/2.1.0/src/rp2_common/hardware_i2c/i2c.c.obj
                0x20001160                i2c0_inst
 .data.__malloc_sbrk_base
                0x20001168        0x4 C:/Users/paola/.pico-sdk/toolchain/13_3_Rel1/bin/../lib/gcc/arm-none-eabi/13.3.1/thumb/v6-m/nofp\libg.a(libc_a-mallocr.o)
                0x20001168                __malloc_sbrk_base
 .data.__malloc_trim_threshold
                0x2000116c        0x4 C:/Users/paola/.pico-sdk/toolchain/13_3_Rel1/bin/../lib/gcc/arm-none-eabi/13.3.1/thumb/v6-m/nofp\libg.a(libc_a-mallocr.o)
                0x2000116c                __malloc_trim_threshold
 .data.__malloc_av_
                0x20001170      0x408 C:/Users/paola/.pico-sdk/toolchain/13_3_Rel1/bin/../lib/gcc/arm-none-eabi/13.3.1/thumb/v6-m/nofp\libg.a(libc_a-mallocr.o)
                0x20001170                __malloc_av_
 .data._impure_ptr
                0x20001578        0x4 C:/Users/paola/.pico-sdk/toolchain/13_3_Rel1/bin/../lib/gcc/arm-none-eabi/13.3.1/thumb/v6-m/nofp\libg.a(libc_a-impure.o)
                0x20001578                _impure_ptr
 *fill*         0x2000157c        0x4 
 .data._impure_data
                0x20001580      0x140 C:/Users/paola/.pico-sdk/toolchain/13_3_Rel1/bin/../lib/gcc/arm-none-eabi/13.3.1/thumb/v6-m/nofp\libg.a(libc_a-impure.o)
                0x20001580                _impure_data
                0x200016c0                        . = ALIGN (0x4)
 *(.after_data.*)
                0x200016c0                        . = ALIGN (0x4)
                0x200016c0                        PROVIDE (__mutex_array_start = .)
 *(SORT_BY_NAME(.mutex_array.*))
 *(.mutex_array)
 .mutex_array   0x200016c0        0x8 CMakeFiles/comunicacao_serial.dir/C_/Users/paola/.pico-sdk/sdk/2.1.0/src/rp2_common/pico_stdio/stdio.c.obj
                0x200016c8                        PROVIDE (__mutex_array_end = .)
                0x200016c8                        . = ALIGN (0x4)
 *(.jcr)
                0x200016c8                        . = ALIGN (0x4)

.tm_clone_table
                0x200016c8        0x0 load address 0x1000a610
 .tm_clone_table
                0x200016c8        0x0 C:/Users/paola/.pico-sdk/toolchain/13_3_Rel1/bin/../lib/gcc/arm-none-eabi/13.3.1/thumb/v6-m/nofp/crtbegin.o
 .tm_clone_table
                0x200016c8        0x0 C:/Users/paola/.pico-sdk/toolchain/13_3_Rel1/bin/../lib/gcc/arm-none-eabi/13.3.1/thumb/v6-m/nofp/crtend.o

.igot.plt       0x200016c8        0x0 load address 0x1000a610
 .igot.plt      0x200016c8        0x0 C:/Users/paola/.pico-sdk/toolchain/13_3_Rel1/bin/../lib/gcc/arm-none-eabi/13.3.1/thumb/v6-m/nofp/crtbegin.o

.tdata          0x200016c8        0x0 load address 0x1000a610
                0x200016c8                        . = ALIGN (0x4)
 *(.tdata .tdata.* .gnu.linkonce.td.*)
                0x200016c8                        __tdata_end = .
                0x200016c8                        PROVIDE (__data_end__ = .)
                0x10009008                        __etext = LOADADDR (.data)

.tbss           0x200016c8        0x0 load address 0x1000a610
                0x200016c8                        . = ALIGN (0x4)
                0x200016c8                        __bss_start__ = .
                0x200016c8                        __tls_base = .
 *(.tbss .tbss.* .gnu.linkonce.tb.*)
 *(.tcommon)
                0x200016c8                        __tls_end = .

.bss            0x200016c8     0x1234 load address 0x1000a610
                0x200016c8                        . = ALIGN (0x4)
                0x200016c8                        __tbss_end = .
 *(SORT_BY_ALIGNMENT(SORT_BY_NAME(.bss*)))
 .bss.default_alarm_pool_entries
                0x200016c8      0x180 CMakeFiles/comunicacao_serial.dir/C_/Users/paola/.pico-sdk/sdk/2.1.0/src/common/pico_time/time.c.obj
 .bss.last_avail_time.1
                0x20001848        0x8 CMakeFiles/comunicacao_serial.dir/C_/Users/paola/.pico-sdk/sdk/2.1.0/src/rp2_common/pico_stdio_usb/stdio_usb.c.obj
 .bss.sd_table  0x20001850      0x100 CMakeFiles/comunicacao_serial.dir/C_/Users/paola/.pico-sdk/sdk/2.1.0/src/rp2_common/pico_double/double_init_rom_rp2040.c.obj
                0x20001850                sd_table
 .bss.__lock___malloc_recursive_mutex
                0x20001950        0x1 C:/Users/paola/.pico-sdk/toolchain/13_3_Rel1/bin/../lib/gcc/arm-none-eabi/13.3.1/thumb/v6-m/nofp\libg.a(libc_a-lock.o)
                0x20001950                __lock___malloc_recursive_mutex
 *fill*         0x20001951        0x3 
 .bss.__malloc_current_mallinfo
                0x20001954       0x28 C:/Users/paola/.pico-sdk/toolchain/13_3_Rel1/bin/../lib/gcc/arm-none-eabi/13.3.1/thumb/v6-m/nofp\libg.a(libc_a-mallocr.o)
                0x20001954                __malloc_current_mallinfo
 .bss.__malloc_max_sbrked_mem
                0x2000197c        0x4 C:/Users/paola/.pico-sdk/toolchain/13_3_Rel1/bin/../lib/gcc/arm-none-eabi/13.3.1/thumb/v6-m/nofp\libg.a(libc_a-mallocr.o)
                0x2000197c                __malloc_max_sbrked_mem
 .bss.__malloc_max_total_mem
                0x20001980        0x4 C:/Users/paola/.pico-sdk/toolchain/13_3_Rel1/bin/../lib/gcc/arm-none-eabi/13.3.1/thumb/v6-m/nofp\libg.a(libc_a-mallocr.o)
                0x20001980                __malloc_max_total_mem
 .bss.__malloc_top_pad
                0x20001984        0x4 C:/Users/paola/.pico-sdk/toolchain/13_3_Rel1/bin/../lib/gcc/arm-none-eabi/13.3.1/thumb/v6-m/nofp\libg.a(libc_a-mallocr.o)
                0x20001984                __malloc_top_pad
 .bss.__sf      0x20001988      0x138 C:/Users/paola/.pico-sdk/toolchain/13_3_Rel1/bin/../lib/gcc/arm-none-eabi/13.3.1/thumb/v6-m/nofp\libg.a(libc_a-findfp.o)
                0x20001988                __sf
 .bss._app_driver
                0x20001ac0        0x4 CMakeFiles/comunicacao_serial.dir/C_/Users/paola/.pico-sdk/sdk/2.1.0/lib/tinyusb/src/device/usbd.c.obj
 .bss._cdcd_fifo_cfg
                0x20001ac4        0x1 CMakeFiles/comunicacao_serial.dir/C_/Users/paola/.pico-sdk/sdk/2.1.0/lib/tinyusb/src/class/cdc/cdc_device.c.obj
 *fill*         0x20001ac5        0x3 
 .bss._cdcd_itf
                0x20001ac8      0x2c8 CMakeFiles/comunicacao_serial.dir/C_/Users/paola/.pico-sdk/sdk/2.1.0/lib/tinyusb/src/class/cdc/cdc_device.c.obj
 .bss._ctrl_xfer
                0x20001d90       0x14 CMakeFiles/comunicacao_serial.dir/C_/Users/paola/.pico-sdk/sdk/2.1.0/lib/tinyusb/src/device/usbd_control.c.obj
 .bss._ubsd_mutexdef
                0x20001da4        0x8 CMakeFiles/comunicacao_serial.dir/C_/Users/paola/.pico-sdk/sdk/2.1.0/lib/tinyusb/src/device/usbd.c.obj
 .bss._usbd_ctrl_buf
                0x20001dac       0x40 CMakeFiles/comunicacao_serial.dir/C_/Users/paola/.pico-sdk/sdk/2.1.0/lib/tinyusb/src/device/usbd_control.c.obj
 .bss._usbd_dev
                0x20001dec       0x54 CMakeFiles/comunicacao_serial.dir/C_/Users/paola/.pico-sdk/sdk/2.1.0/lib/tinyusb/src/device/usbd.c.obj
 .bss._usbd_mutex
                0x20001e40        0x4 CMakeFiles/comunicacao_serial.dir/C_/Users/paola/.pico-sdk/sdk/2.1.0/lib/tinyusb/src/device/usbd.c.obj
 .bss._usbd_q   0x20001e44        0x4 CMakeFiles/comunicacao_serial.dir/C_/Users/paola/.pico-sdk/sdk/2.1.0/lib/tinyusb/src/device/usbd.c.obj
 .bss._usbd_qdef_buf
                0x20001e48       0xc0 CMakeFiles/comunicacao_serial.dir/C_/Users/paola/.pico-sdk/sdk/2.1.0/lib/tinyusb/src/device/usbd.c.obj
                0x20001e48                _usbd_qdef_buf
 .bss._used_instruction_space
                0x20001f08        0x8 CMakeFiles/comunicacao_serial.dir/C_/Users/paola/.pico-sdk/sdk/2.1.0/src/rp2_common/hardware_pio/pio.c.obj
 .bss._vendord_itf